MPLINK 3.90, Linker
Linker Map File - Created Tue Oct 28 16:31:14 2008

                                 Section Info
                  Section       Type    Address   Location Size(Bytes)
                ---------  ---------  ---------  ---------  ---------
               _entry_scn       code   0x000000    program   0x000006
              high_vector       code   0x000008    program   0x000006
               low_vector       code   0x000018    program   0x000006
                   .cinit    romdata   0x00002a    program   0x00000e
             .code_main.o       code   0x000038    program   0x000420
               _cinit_scn       code   0x000458    program   0x00009e
            .code_uopen.o       code   0x0004f6    program   0x000068
           .code_t1open.o       code   0x00055e    program   0x000042
            .code_uread.o       code   0x0005a0    program   0x00003e
          .code_t1write.o       code   0x0005de    program   0x000038
             D10KTCYXCODE       code   0x000616    program   0x00002e
           .code_uwrite.o       code   0x000644    program   0x00002e
             _startup_scn       code   0x000672    program   0x000018
        .romdata_uwrite.o    romdata   0x00068a    program   0x000000
        .idata_uwrite.o_i    romdata   0x00068a    program   0x000000
       .romdata_t1write.o    romdata   0x00068a    program   0x000000
       .idata_t1write.o_i    romdata   0x00068a    program   0x000000
        .romdata_usartd.o    romdata   0x00068a    program   0x000000
        .idata_usartd.o_i    romdata   0x00068a    program   0x000000
         .romdata_uread.o    romdata   0x00068a    program   0x000000
         .idata_uread.o_i    romdata   0x00068a    program   0x000000
         .romdata_c018i.o    romdata   0x00068a    program   0x000000
         .romdata_uopen.o    romdata   0x00068a    program   0x000000
         .idata_uopen.o_i    romdata   0x00068a    program   0x000000
        .romdata_t1open.o    romdata   0x00068a    program   0x000000
        .idata_t1open.o_i    romdata   0x00068a    program   0x000000
          .idata_main.o_i    romdata   0x00068a    program   0x000020
          .romdata_main.o    romdata   0x00068a    program   0x000000
            .code_c018i.o       code   0x0006aa    program   0x000000
           .code_usartd.o       code   0x0006aa    program   0x000000
         .idata_c018i.o_i    romdata   0x0006aa    program   0x000000
    .config_300001_main.o    romdata   0x300001    program   0x000001
    .config_300003_main.o    romdata   0x300003    program   0x000001
    .config_300006_main.o    romdata   0x300006    program   0x000001
                 .tmpdata      udata   0x000000       data   0x000003
                MATH_DATA      udata   0x000003       data   0x000002
                DELAYDAT2      udata   0x000005       data   0x000001
                DELAYDAT1      udata   0x000006       data   0x000001
            .udata_main.o      udata   0x000060       data   0x000084
           .udata_c018i.o      udata   0x0000e4       data   0x00000a
          .udata_usartd.o      udata   0x0000ee       data   0x000001
          .idata_uwrite.o      idata   0x0000ef       data   0x000000
          .udata_uwrite.o      udata   0x0000ef       data   0x000000
         .idata_t1write.o      idata   0x0000ef       data   0x000000
         .udata_t1write.o      udata   0x0000ef       data   0x000000
          .idata_usartd.o      idata   0x0000ef       data   0x000000
           .idata_c018i.o      idata   0x0000ef       data   0x000000
          .udata_t1open.o      udata   0x0000ef       data   0x000000
          .idata_t1open.o      idata   0x0000ef       data   0x000000
           .udata_uopen.o      udata   0x0000ef       data   0x000000
           .idata_uopen.o      idata   0x0000ef       data   0x000000
           .udata_uread.o      udata   0x0000ef       data   0x000000
           .idata_uread.o      idata   0x0000ef       data   0x000000
            .idata_main.o      idata   0x000100       data   0x000020
                   .stack      udata   0x000500       data   0x000100
              SFR_BANKED0      udata   0x000f00       data   0x00002f
              SFR_BANKED1      udata   0x000f30       data   0x00000f
              SFR_BANKED2      udata   0x000f40       data   0x00000f
              SFR_BANKED3      udata   0x000f50       data   0x00000f
            SFR_UNBANKED0      udata   0x000f60       data   0x000017
            SFR_UNBANKED1      udata   0x000f80       data   0x000080



                              Program Memory Usage 
                               Start         End      
                           ---------   ---------      
                            0x000000    0x000005      
                            0x000008    0x00000d      
                            0x000018    0x00001d      
                            0x00002a    0x0006a9      
                            0x300001    0x300001      
                            0x300003    0x300003      
                            0x300006    0x300006      
            1685 out of 33048 program addresses used, program memory utilization is 5%



                              Symbols - Sorted by Name
                     Name    Address   Location    Storage File                     
                ---------  ---------  ---------  --------- ---------                
                   D10K_1   0x000622    program     static C:\MCC18\SRC\TRADIT~1\DELAYS\d10ktcyx.asm
                    D10Kl   0x00062e    program     static C:\MCC18\SRC\TRADIT~1\DELAYS\d10ktcyx.asm
                    D10Kx   0x000620    program     static C:\MCC18\SRC\TRADIT~1\DELAYS\d10ktcyx.asm
             Delay10KTCYx   0x000616    program     extern C:\MCC18\SRC\TRADIT~1\DELAYS\d10ktcyx.asm
           DelayRXBitUART   0x000092    program     extern D:\Exclude\solar_node\main.c
       DelayRXHalfBitUART   0x000076    program     extern D:\Exclude\solar_node\main.c
           DelayTXBitUART   0x000038    program     extern D:\Exclude\solar_node\main.c
               OpenTimer1   0x00055e    program     extern C:\mcc18\src\TRADIT~1\pmc\Timers\t1open.c
                OpenUSART   0x0004f6    program     extern C:\mcc18\src\TRADIT~1\pmc\USART\uopen.c
                ReadUSART   0x0005a0    program     extern C:\mcc18\src\TRADIT~1\pmc\USART\uread.c
              WriteTimer1   0x0005de    program     extern C:\mcc18\src\TRADIT~1\pmc\Timers\t1write.c
               WriteUSART   0x000644    program     extern C:\mcc18\src\TRADIT~1\pmc\USART\uwrite.c
       _D10KTCYXCODE_0010   0x000626    program     static C:\MCC18\SRC\TRADIT~1\DELAYS\d10ktcyx.asm
       _D10KTCYXCODE_001C   0x000632    program     static C:\MCC18\SRC\TRADIT~1\DELAYS\d10ktcyx.asm
          ___for_lbl00016   0x00029c    program     static                          
          ___for_lbl00017   0x0002a6    program     static                          
          ___for_lbl00018   0x000276    program     static                          
           ___if_lbl00021   0x00030a    program     static                          
           ___if_lbl00022   0x000316    program     static                          
       ___return_lbl00000   0x000074    program     static                          
       ___return_lbl00000   0x000004    program     static                          
       ___return_lbl00001   0x000688    program     static                          
       ___return_lbl00001   0x000090    program     static                          
       ___return_lbl00002   0x0004f4    program     static                          
       ___return_lbl00002   0x0000ce    program     static                          
       ___return_lbl00015   0x00037a    program     static                          
       ___return_lbl00025   0x00001c    program     static                          
       ___return_lbl00026   0x00000c    program     static                          
        ___while_lbl00019   0x0002ec    program     static                          
        ___while_lbl00020   0x00037a    program     static                          
        ___while_lbl00023   0x000362    program     static                          
        ___while_lbl00024   0x000378    program     static                          
               __config_0   0x300001    program     static D:\Exclude\solar_node\main.c
               __config_1   0x300003    program     static D:\Exclude\solar_node\main.c
               __config_2   0x300006    program     static D:\Exclude\solar_node\main.c
               __tmplbl_2   0x000282    program     static                          
                _do_cinit   0x000458    program     extern C:\mcc18\src\traditional\startup\c018i.c
                   _entry   0x000000    program     extern C:\mcc18\src\traditional\startup\c018i.c
                 _startup   0x000672    program     extern C:\mcc18\src\traditional\startup\c018i.c
                copy_loop   0x0004ca    program     static                          
            copy_one_byte   0x0004d0    program     static                          
                     done   0x0004f4    program     static                          
             done_copying   0x0004de    program     static                          
                get_solar   0x000186    program     extern D:\Exclude\solar_node\main.c
               get_supply   0x0001ca    program     extern D:\Exclude\solar_node\main.c
                 high_isr   0x0003b6    program     extern D:\Exclude\solar_node\main.c
 interrupt_at_high_vector   0x000008    program     extern D:\Exclude\solar_node\main.c
  interrupt_at_low_vector   0x000018    program     extern D:\Exclude\solar_node\main.c
                     loop   0x000682    program     static                          
                  low_isr   0x000386    program     extern D:\Exclude\solar_node\main.c
                     main   0x00020e    program     extern D:\Exclude\solar_node\main.c
                sendRADIO   0x0000d0    program     extern D:\Exclude\solar_node\main.c
              stringRADIO   0x0000f0    program     extern D:\Exclude\solar_node\main.c
                     test   0x000472    program     static                          
                   ADCON0   0x000fc2       data     extern C:\MCC18\SRC\TRADIT~1\PROC\p18f458.asm
               ADCON0bits   0x000fc2       data     extern C:\MCC18\SRC\TRADIT~1\PROC\p18f458.asm
                   ADCON1   0x000fc1       data     extern C:\MCC18\SRC\TRADIT~1\PROC\p18f458.asm
               ADCON1bits   0x000fc1       data     extern C:\MCC18\SRC\TRADIT~1\PROC\p18f458.asm
                    ADRES   0x000fc3       data     extern C:\MCC18\SRC\TRADIT~1\PROC\p18f458.asm
                   ADRESH   0x000fc4       data     extern C:\MCC18\SRC\TRADIT~1\PROC\p18f458.asm
                   ADRESL   0x000fc3       data     extern C:\MCC18\SRC\TRADIT~1\PROC\p18f458.asm
                  BRGCON1   0x000f70       data     extern C:\MCC18\SRC\TRADIT~1\PROC\p18f458.asm
              BRGCON1bits   0x000f70       data     extern C:\MCC18\SRC\TRADIT~1\PROC\p18f458.asm
                  BRGCON2   0x000f71       data     extern C:\MCC18\SRC\TRADIT~1\PROC\p18f458.asm
              BRGCON2bits   0x000f71       data     extern C:\MCC18\SRC\TRADIT~1\PROC\p18f458.asm
                  BRGCON3   0x000f72       data     extern C:\MCC18\SRC\TRADIT~1\PROC\p18f458.asm
              BRGCON3bits   0x000f72       data     extern C:\MCC18\SRC\TRADIT~1\PROC\p18f458.asm
                      BSR   0x000fe0       data     extern C:\MCC18\SRC\TRADIT~1\PROC\p18f458.asm
                   CANCON   0x000f6f       data     extern C:\MCC18\SRC\TRADIT~1\PROC\p18f458.asm
               CANCONbits   0x000f6f       data     extern C:\MCC18\SRC\TRADIT~1\PROC\p18f458.asm
                  CANSTAT   0x000f6e       data     extern C:\MCC18\SRC\TRADIT~1\PROC\p18f458.asm
               CANSTATRO1   0x000f5e       data     extern C:\MCC18\SRC\TRADIT~1\PROC\p18f458.asm
           CANSTATRO1bits   0x000f5e       data     extern C:\MCC18\SRC\TRADIT~1\PROC\p18f458.asm
               CANSTATRO2   0x000f4e       data     extern C:\MCC18\SRC\TRADIT~1\PROC\p18f458.asm
           CANSTATRO2bits   0x000f4e       data     extern C:\MCC18\SRC\TRADIT~1\PROC\p18f458.asm
               CANSTATRO3   0x000f3e       data     extern C:\MCC18\SRC\TRADIT~1\PROC\p18f458.asm
           CANSTATRO3bits   0x000f3e       data     extern C:\MCC18\SRC\TRADIT~1\PROC\p18f458.asm
               CANSTATRO4   0x000f2e       data     extern C:\MCC18\SRC\TRADIT~1\PROC\p18f458.asm
           CANSTATRO4bits   0x000f2e       data     extern C:\MCC18\SRC\TRADIT~1\PROC\p18f458.asm
              CANSTATbits   0x000f6e       data     extern C:\MCC18\SRC\TRADIT~1\PROC\p18f458.asm
                  CCP1CON   0x000fbd       data     extern C:\MCC18\SRC\TRADIT~1\PROC\p18f458.asm
              CCP1CONbits   0x000fbd       data     extern C:\MCC18\SRC\TRADIT~1\PROC\p18f458.asm
                   CCPR1H   0x000fbf       data     extern C:\MCC18\SRC\TRADIT~1\PROC\p18f458.asm
                   CCPR1L   0x000fbe       data     extern C:\MCC18\SRC\TRADIT~1\PROC\p18f458.asm
                   CIOCON   0x000f73       data     extern C:\MCC18\SRC\TRADIT~1\PROC\p18f458.asm
               CIOCONbits   0x000f73       data     extern C:\MCC18\SRC\TRADIT~1\PROC\p18f458.asm
                    CMCON   0x000fb4       data     extern C:\MCC18\SRC\TRADIT~1\PROC\p18f458.asm
                CMCONbits   0x000fb4       data     extern C:\MCC18\SRC\TRADIT~1\PROC\p18f458.asm
                  COMSTAT   0x000f74       data     extern C:\MCC18\SRC\TRADIT~1\PROC\p18f458.asm
              COMSTATbits   0x000f74       data     extern C:\MCC18\SRC\TRADIT~1\PROC\p18f458.asm
                   CVRCON   0x000fb5       data     extern C:\MCC18\SRC\TRADIT~1\PROC\p18f458.asm
               CVRCONbits   0x000fb5       data     extern C:\MCC18\SRC\TRADIT~1\PROC\p18f458.asm
                     DDRA   0x000f92       data     extern C:\MCC18\SRC\TRADIT~1\PROC\p18f458.asm
                 DDRAbits   0x000f92       data     extern C:\MCC18\SRC\TRADIT~1\PROC\p18f458.asm
                     DDRB   0x000f93       data     extern C:\MCC18\SRC\TRADIT~1\PROC\p18f458.asm
                 DDRBbits   0x000f93       data     extern C:\MCC18\SRC\TRADIT~1\PROC\p18f458.asm
                     DDRC   0x000f94       data     extern C:\MCC18\SRC\TRADIT~1\PROC\p18f458.asm
                 DDRCbits   0x000f94       data     extern C:\MCC18\SRC\TRADIT~1\PROC\p18f458.asm
                     DDRD   0x000f95       data     extern C:\MCC18\SRC\TRADIT~1\PROC\p18f458.asm
                 DDRDbits   0x000f95       data     extern C:\MCC18\SRC\TRADIT~1\PROC\p18f458.asm
                     DDRE   0x000f96       data     extern C:\MCC18\SRC\TRADIT~1\PROC\p18f458.asm
                 DDREbits   0x000f96       data     extern C:\MCC18\SRC\TRADIT~1\PROC\p18f458.asm
            DelayCounter1   0x000006       data     extern C:\MCC18\SRC\TRADIT~1\DELAYS\delayd1.asm
            DelayCounter2   0x000005       data     extern C:\MCC18\SRC\TRADIT~1\DELAYS\delayd2.asm
                 ECCP1CON   0x000fba       data     extern C:\MCC18\SRC\TRADIT~1\PROC\p18f458.asm
             ECCP1CONbits   0x000fba       data     extern C:\MCC18\SRC\TRADIT~1\PROC\p18f458.asm
                 ECCP1DEL   0x000fb7       data     extern C:\MCC18\SRC\TRADIT~1\PROC\p18f458.asm
             ECCP1DELbits   0x000fb7       data     extern C:\MCC18\SRC\TRADIT~1\PROC\p18f458.asm
                   ECCPAS   0x000fb6       data     extern C:\MCC18\SRC\TRADIT~1\PROC\p18f458.asm
               ECCPASbits   0x000fb6       data     extern C:\MCC18\SRC\TRADIT~1\PROC\p18f458.asm
                   ECCPR1   0x000fbb       data     extern C:\MCC18\SRC\TRADIT~1\PROC\p18f458.asm
                  ECCPR1H   0x000fbc       data     extern C:\MCC18\SRC\TRADIT~1\PROC\p18f458.asm
                  ECCPR1L   0x000fbb       data     extern C:\MCC18\SRC\TRADIT~1\PROC\p18f458.asm
                    EEADR   0x000fa9       data     extern C:\MCC18\SRC\TRADIT~1\PROC\p18f458.asm
                   EECON1   0x000fa6       data     extern C:\MCC18\SRC\TRADIT~1\PROC\p18f458.asm
               EECON1bits   0x000fa6       data     extern C:\MCC18\SRC\TRADIT~1\PROC\p18f458.asm
                   EECON2   0x000fa7       data     extern C:\MCC18\SRC\TRADIT~1\PROC\p18f458.asm
                   EEDATA   0x000fa8       data     extern C:\MCC18\SRC\TRADIT~1\PROC\p18f458.asm
                  FPFLAGS   0x000004       data     extern C:\MCC18\SRC\TRADIT~1\MATH\cmath18.asm
              FPFLAGSbits   0x000004       data     extern C:\MCC18\SRC\TRADIT~1\MATH\cmath18.asm
                     FSR0   0x000fe9       data     extern C:\MCC18\SRC\TRADIT~1\PROC\p18f458.asm
                    FSR0H   0x000fea       data     extern C:\MCC18\SRC\TRADIT~1\PROC\p18f458.asm
                    FSR0L   0x000fe9       data     extern C:\MCC18\SRC\TRADIT~1\PROC\p18f458.asm
                     FSR1   0x000fe1       data     extern C:\MCC18\SRC\TRADIT~1\PROC\p18f458.asm
                    FSR1H   0x000fe2       data     extern C:\MCC18\SRC\TRADIT~1\PROC\p18f458.asm
                    FSR1L   0x000fe1       data     extern C:\MCC18\SRC\TRADIT~1\PROC\p18f458.asm
                     FSR2   0x000fd9       data     extern C:\MCC18\SRC\TRADIT~1\PROC\p18f458.asm
                    FSR2H   0x000fda       data     extern C:\MCC18\SRC\TRADIT~1\PROC\p18f458.asm
                    FSR2L   0x000fd9       data     extern C:\MCC18\SRC\TRADIT~1\PROC\p18f458.asm
                    INDF0   0x000fef       data     extern C:\MCC18\SRC\TRADIT~1\PROC\p18f458.asm
                    INDF1   0x000fe7       data     extern C:\MCC18\SRC\TRADIT~1\PROC\p18f458.asm
                    INDF2   0x000fdf       data     extern C:\MCC18\SRC\TRADIT~1\PROC\p18f458.asm
                   INTCON   0x000ff2       data     extern C:\MCC18\SRC\TRADIT~1\PROC\p18f458.asm
                  INTCON2   0x000ff1       data     extern C:\MCC18\SRC\TRADIT~1\PROC\p18f458.asm
              INTCON2bits   0x000ff1       data     extern C:\MCC18\SRC\TRADIT~1\PROC\p18f458.asm
                  INTCON3   0x000ff0       data     extern C:\MCC18\SRC\TRADIT~1\PROC\p18f458.asm
              INTCON3bits   0x000ff0       data     extern C:\MCC18\SRC\TRADIT~1\PROC\p18f458.asm
               INTCONbits   0x000ff2       data     extern C:\MCC18\SRC\TRADIT~1\PROC\p18f458.asm
                     IPR1   0x000f9f       data     extern C:\MCC18\SRC\TRADIT~1\PROC\p18f458.asm
                 IPR1bits   0x000f9f       data     extern C:\MCC18\SRC\TRADIT~1\PROC\p18f458.asm
                     IPR2   0x000fa2       data     extern C:\MCC18\SRC\TRADIT~1\PROC\p18f458.asm
                 IPR2bits   0x000fa2       data     extern C:\MCC18\SRC\TRADIT~1\PROC\p18f458.asm
                     IPR3   0x000fa5       data     extern C:\MCC18\SRC\TRADIT~1\PROC\p18f458.asm
                 IPR3bits   0x000fa5       data     extern C:\MCC18\SRC\TRADIT~1\PROC\p18f458.asm
                     LATA   0x000f89       data     extern C:\MCC18\SRC\TRADIT~1\PROC\p18f458.asm
                 LATAbits   0x000f89       data     extern C:\MCC18\SRC\TRADIT~1\PROC\p18f458.asm
                     LATB   0x000f8a       data     extern C:\MCC18\SRC\TRADIT~1\PROC\p18f458.asm
                 LATBbits   0x000f8a       data     extern C:\MCC18\SRC\TRADIT~1\PROC\p18f458.asm
                     LATC   0x000f8b       data     extern C:\MCC18\SRC\TRADIT~1\PROC\p18f458.asm
                 LATCbits   0x000f8b       data     extern C:\MCC18\SRC\TRADIT~1\PROC\p18f458.asm
                     LATD   0x000f8c       data     extern C:\MCC18\SRC\TRADIT~1\PROC\p18f458.asm
                 LATDbits   0x000f8c       data     extern C:\MCC18\SRC\TRADIT~1\PROC\p18f458.asm
                     LATE   0x000f8d       data     extern C:\MCC18\SRC\TRADIT~1\PROC\p18f458.asm
                 LATEbits   0x000f8d       data     extern C:\MCC18\SRC\TRADIT~1\PROC\p18f458.asm
                   LVDCON   0x000fd2       data     extern C:\MCC18\SRC\TRADIT~1\PROC\p18f458.asm
               LVDCONbits   0x000fd2       data     extern C:\MCC18\SRC\TRADIT~1\PROC\p18f458.asm
                   OSCCON   0x000fd3       data     extern C:\MCC18\SRC\TRADIT~1\PROC\p18f458.asm
               OSCCONbits   0x000fd3       data     extern C:\MCC18\SRC\TRADIT~1\PROC\p18f458.asm
                       PC   0x000ff9       data     extern C:\MCC18\SRC\TRADIT~1\PROC\p18f458.asm
                      PCL   0x000ff9       data     extern C:\MCC18\SRC\TRADIT~1\PROC\p18f458.asm
                   PCLATH   0x000ffa       data     extern C:\MCC18\SRC\TRADIT~1\PROC\p18f458.asm
                   PCLATU   0x000ffb       data     extern C:\MCC18\SRC\TRADIT~1\PROC\p18f458.asm
                     PIE1   0x000f9d       data     extern C:\MCC18\SRC\TRADIT~1\PROC\p18f458.asm
                 PIE1bits   0x000f9d       data     extern C:\MCC18\SRC\TRADIT~1\PROC\p18f458.asm
                     PIE2   0x000fa0       data     extern C:\MCC18\SRC\TRADIT~1\PROC\p18f458.asm
                 PIE2bits   0x000fa0       data     extern C:\MCC18\SRC\TRADIT~1\PROC\p18f458.asm
                     PIE3   0x000fa3       data     extern C:\MCC18\SRC\TRADIT~1\PROC\p18f458.asm
                 PIE3bits   0x000fa3       data     extern C:\MCC18\SRC\TRADIT~1\PROC\p18f458.asm
                     PIR1   0x000f9e       data     extern C:\MCC18\SRC\TRADIT~1\PROC\p18f458.asm
                 PIR1bits   0x000f9e       data     extern C:\MCC18\SRC\TRADIT~1\PROC\p18f458.asm
                     PIR2   0x000fa1       data     extern C:\MCC18\SRC\TRADIT~1\PROC\p18f458.asm
                 PIR2bits   0x000fa1       data     extern C:\MCC18\SRC\TRADIT~1\PROC\p18f458.asm
                     PIR3   0x000fa4       data     extern C:\MCC18\SRC\TRADIT~1\PROC\p18f458.asm
                 PIR3bits   0x000fa4       data     extern C:\MCC18\SRC\TRADIT~1\PROC\p18f458.asm
                   PLUSW0   0x000feb       data     extern C:\MCC18\SRC\TRADIT~1\PROC\p18f458.asm
                   PLUSW1   0x000fe3       data     extern C:\MCC18\SRC\TRADIT~1\PROC\p18f458.asm
                   PLUSW2   0x000fdb       data     extern C:\MCC18\SRC\TRADIT~1\PROC\p18f458.asm
                    PORTA   0x000f80       data     extern C:\MCC18\SRC\TRADIT~1\PROC\p18f458.asm
                PORTAbits   0x000f80       data     extern C:\MCC18\SRC\TRADIT~1\PROC\p18f458.asm
                    PORTB   0x000f81       data     extern C:\MCC18\SRC\TRADIT~1\PROC\p18f458.asm
                PORTBbits   0x000f81       data     extern C:\MCC18\SRC\TRADIT~1\PROC\p18f458.asm
                    PORTC   0x000f82       data     extern C:\MCC18\SRC\TRADIT~1\PROC\p18f458.asm
                PORTCbits   0x000f82       data     extern C:\MCC18\SRC\TRADIT~1\PROC\p18f458.asm
                    PORTD   0x000f83       data     extern C:\MCC18\SRC\TRADIT~1\PROC\p18f458.asm
                PORTDbits   0x000f83       data     extern C:\MCC18\SRC\TRADIT~1\PROC\p18f458.asm
                    PORTE   0x000f84       data     extern C:\MCC18\SRC\TRADIT~1\PROC\p18f458.asm
                PORTEbits   0x000f84       data     extern C:\MCC18\SRC\TRADIT~1\PROC\p18f458.asm
                 POSTDEC0   0x000fed       data     extern C:\MCC18\SRC\TRADIT~1\PROC\p18f458.asm
                 POSTDEC1   0x000fe5       data     extern C:\MCC18\SRC\TRADIT~1\PROC\p18f458.asm
                 POSTDEC2   0x000fdd       data     extern C:\MCC18\SRC\TRADIT~1\PROC\p18f458.asm
                 POSTINC0   0x000fee       data     extern C:\MCC18\SRC\TRADIT~1\PROC\p18f458.asm
                 POSTINC1   0x000fe6       data     extern C:\MCC18\SRC\TRADIT~1\PROC\p18f458.asm
                 POSTINC2   0x000fde       data     extern C:\MCC18\SRC\TRADIT~1\PROC\p18f458.asm
                      PR2   0x000fcb       data     extern C:\MCC18\SRC\TRADIT~1\PROC\p18f458.asm
                  PREINC0   0x000fec       data     extern C:\MCC18\SRC\TRADIT~1\PROC\p18f458.asm
                  PREINC1   0x000fe4       data     extern C:\MCC18\SRC\TRADIT~1\PROC\p18f458.asm
                  PREINC2   0x000fdc       data     extern C:\MCC18\SRC\TRADIT~1\PROC\p18f458.asm
                     PROD   0x000ff3       data     extern C:\MCC18\SRC\TRADIT~1\PROC\p18f458.asm
                    PRODH   0x000ff4       data     extern C:\MCC18\SRC\TRADIT~1\PROC\p18f458.asm
                    PRODL   0x000ff3       data     extern C:\MCC18\SRC\TRADIT~1\PROC\p18f458.asm
                     RCON   0x000fd0       data     extern C:\MCC18\SRC\TRADIT~1\PROC\p18f458.asm
                 RCONbits   0x000fd0       data     extern C:\MCC18\SRC\TRADIT~1\PROC\p18f458.asm
                    RCREG   0x000fae       data     extern C:\MCC18\SRC\TRADIT~1\PROC\p18f458.asm
                    RCSTA   0x000fab       data     extern C:\MCC18\SRC\TRADIT~1\PROC\p18f458.asm
                RCSTAbits   0x000fab       data     extern C:\MCC18\SRC\TRADIT~1\PROC\p18f458.asm
               RSSI_taken   0x000115       data     extern D:\Exclude\solar_node\main.c
                  RXB0CON   0x000f60       data     extern C:\MCC18\SRC\TRADIT~1\PROC\p18f458.asm
              RXB0CONbits   0x000f60       data     extern C:\MCC18\SRC\TRADIT~1\PROC\p18f458.asm
                   RXB0D0   0x000f66       data     extern C:\MCC18\SRC\TRADIT~1\PROC\p18f458.asm
               RXB0D0bits   0x000f66       data     extern C:\MCC18\SRC\TRADIT~1\PROC\p18f458.asm
                   RXB0D1   0x000f67       data     extern C:\MCC18\SRC\TRADIT~1\PROC\p18f458.asm
               RXB0D1bits   0x000f67       data     extern C:\MCC18\SRC\TRADIT~1\PROC\p18f458.asm
                   RXB0D2   0x000f68       data     extern C:\MCC18\SRC\TRADIT~1\PROC\p18f458.asm
               RXB0D2bits   0x000f68       data     extern C:\MCC18\SRC\TRADIT~1\PROC\p18f458.asm
                   RXB0D3   0x000f69       data     extern C:\MCC18\SRC\TRADIT~1\PROC\p18f458.asm
               RXB0D3bits   0x000f69       data     extern C:\MCC18\SRC\TRADIT~1\PROC\p18f458.asm
                   RXB0D4   0x000f6a       data     extern C:\MCC18\SRC\TRADIT~1\PROC\p18f458.asm
               RXB0D4bits   0x000f6a       data     extern C:\MCC18\SRC\TRADIT~1\PROC\p18f458.asm
                   RXB0D5   0x000f6b       data     extern C:\MCC18\SRC\TRADIT~1\PROC\p18f458.asm
               RXB0D5bits   0x000f6b       data     extern C:\MCC18\SRC\TRADIT~1\PROC\p18f458.asm
                   RXB0D6   0x000f6c       data     extern C:\MCC18\SRC\TRADIT~1\PROC\p18f458.asm
               RXB0D6bits   0x000f6c       data     extern C:\MCC18\SRC\TRADIT~1\PROC\p18f458.asm
                   RXB0D7   0x000f6d       data     extern C:\MCC18\SRC\TRADIT~1\PROC\p18f458.asm
               RXB0D7bits   0x000f6d       data     extern C:\MCC18\SRC\TRADIT~1\PROC\p18f458.asm
                  RXB0DLC   0x000f65       data     extern C:\MCC18\SRC\TRADIT~1\PROC\p18f458.asm
              RXB0DLCbits   0x000f65       data     extern C:\MCC18\SRC\TRADIT~1\PROC\p18f458.asm
                 RXB0EIDH   0x000f63       data     extern C:\MCC18\SRC\TRADIT~1\PROC\p18f458.asm
             RXB0EIDHbits   0x000f63       data     extern C:\MCC18\SRC\TRADIT~1\PROC\p18f458.asm
                 RXB0EIDL   0x000f64       data     extern C:\MCC18\SRC\TRADIT~1\PROC\p18f458.asm
             RXB0EIDLbits   0x000f64       data     extern C:\MCC18\SRC\TRADIT~1\PROC\p18f458.asm
                 RXB0SIDH   0x000f61       data     extern C:\MCC18\SRC\TRADIT~1\PROC\p18f458.asm
             RXB0SIDHbits   0x000f61       data     extern C:\MCC18\SRC\TRADIT~1\PROC\p18f458.asm
                 RXB0SIDL   0x000f62       data     extern C:\MCC18\SRC\TRADIT~1\PROC\p18f458.asm
             RXB0SIDLbits   0x000f62       data     extern C:\MCC18\SRC\TRADIT~1\PROC\p18f458.asm
                  RXB1CON   0x000f50       data     extern C:\MCC18\SRC\TRADIT~1\PROC\p18f458.asm
              RXB1CONbits   0x000f50       data     extern C:\MCC18\SRC\TRADIT~1\PROC\p18f458.asm
                   RXB1D0   0x000f56       data     extern C:\MCC18\SRC\TRADIT~1\PROC\p18f458.asm
               RXB1D0bits   0x000f56       data     extern C:\MCC18\SRC\TRADIT~1\PROC\p18f458.asm
                   RXB1D1   0x000f57       data     extern C:\MCC18\SRC\TRADIT~1\PROC\p18f458.asm
               RXB1D1bits   0x000f57       data     extern C:\MCC18\SRC\TRADIT~1\PROC\p18f458.asm
                   RXB1D2   0x000f58       data     extern C:\MCC18\SRC\TRADIT~1\PROC\p18f458.asm
               RXB1D2bits   0x000f58       data     extern C:\MCC18\SRC\TRADIT~1\PROC\p18f458.asm
                   RXB1D3   0x000f59       data     extern C:\MCC18\SRC\TRADIT~1\PROC\p18f458.asm
               RXB1D3bits   0x000f59       data     extern C:\MCC18\SRC\TRADIT~1\PROC\p18f458.asm
                   RXB1D4   0x000f5a       data     extern C:\MCC18\SRC\TRADIT~1\PROC\p18f458.asm
               RXB1D4bits   0x000f5a       data     extern C:\MCC18\SRC\TRADIT~1\PROC\p18f458.asm
                   RXB1D5   0x000f5b       data     extern C:\MCC18\SRC\TRADIT~1\PROC\p18f458.asm
               RXB1D5bits   0x000f5b       data     extern C:\MCC18\SRC\TRADIT~1\PROC\p18f458.asm
                   RXB1D6   0x000f5c       data     extern C:\MCC18\SRC\TRADIT~1\PROC\p18f458.asm
               RXB1D6bits   0x000f5c       data     extern C:\MCC18\SRC\TRADIT~1\PROC\p18f458.asm
                   RXB1D7   0x000f5d       data     extern C:\MCC18\SRC\TRADIT~1\PROC\p18f458.asm
               RXB1D7bits   0x000f5d       data     extern C:\MCC18\SRC\TRADIT~1\PROC\p18f458.asm
                  RXB1DLC   0x000f55       data     extern C:\MCC18\SRC\TRADIT~1\PROC\p18f458.asm
              RXB1DLCbits   0x000f55       data     extern C:\MCC18\SRC\TRADIT~1\PROC\p18f458.asm
                 RXB1EIDH   0x000f53       data     extern C:\MCC18\SRC\TRADIT~1\PROC\p18f458.asm
             RXB1EIDHbits   0x000f53       data     extern C:\MCC18\SRC\TRADIT~1\PROC\p18f458.asm
                 RXB1EIDL   0x000f54       data     extern C:\MCC18\SRC\TRADIT~1\PROC\p18f458.asm
             RXB1EIDLbits   0x000f54       data     extern C:\MCC18\SRC\TRADIT~1\PROC\p18f458.asm
                 RXB1SIDH   0x000f51       data     extern C:\MCC18\SRC\TRADIT~1\PROC\p18f458.asm
             RXB1SIDHbits   0x000f51       data     extern C:\MCC18\SRC\TRADIT~1\PROC\p18f458.asm
                 RXB1SIDL   0x000f52       data     extern C:\MCC18\SRC\TRADIT~1\PROC\p18f458.asm
             RXB1SIDLbits   0x000f52       data     extern C:\MCC18\SRC\TRADIT~1\PROC\p18f458.asm
                 RXERRCNT   0x000f75       data     extern C:\MCC18\SRC\TRADIT~1\PROC\p18f458.asm
             RXERRCNTbits   0x000f75       data     extern C:\MCC18\SRC\TRADIT~1\PROC\p18f458.asm
                 RXF0EIDH   0x000f02       data     extern C:\MCC18\SRC\TRADIT~1\PROC\p18f458.asm
             RXF0EIDHbits   0x000f02       data     extern C:\MCC18\SRC\TRADIT~1\PROC\p18f458.asm
                 RXF0EIDL   0x000f03       data     extern C:\MCC18\SRC\TRADIT~1\PROC\p18f458.asm
             RXF0EIDLbits   0x000f03       data     extern C:\MCC18\SRC\TRADIT~1\PROC\p18f458.asm
                 RXF0SIDH   0x000f00       data     extern C:\MCC18\SRC\TRADIT~1\PROC\p18f458.asm
             RXF0SIDHbits   0x000f00       data     extern C:\MCC18\SRC\TRADIT~1\PROC\p18f458.asm
                 RXF0SIDL   0x000f01       data     extern C:\MCC18\SRC\TRADIT~1\PROC\p18f458.asm
             RXF0SIDLbits   0x000f01       data     extern C:\MCC18\SRC\TRADIT~1\PROC\p18f458.asm
                 RXF1EIDH   0x000f06       data     extern C:\MCC18\SRC\TRADIT~1\PROC\p18f458.asm
             RXF1EIDHbits   0x000f06       data     extern C:\MCC18\SRC\TRADIT~1\PROC\p18f458.asm
                 RXF1EIDL   0x000f07       data     extern C:\MCC18\SRC\TRADIT~1\PROC\p18f458.asm
             RXF1EIDLbits   0x000f07       data     extern C:\MCC18\SRC\TRADIT~1\PROC\p18f458.asm
                 RXF1SIDH   0x000f04       data     extern C:\MCC18\SRC\TRADIT~1\PROC\p18f458.asm
             RXF1SIDHbits   0x000f04       data     extern C:\MCC18\SRC\TRADIT~1\PROC\p18f458.asm
                 RXF1SIDL   0x000f05       data     extern C:\MCC18\SRC\TRADIT~1\PROC\p18f458.asm
             RXF1SIDLbits   0x000f05       data     extern C:\MCC18\SRC\TRADIT~1\PROC\p18f458.asm
                 RXF2EIDH   0x000f0a       data     extern C:\MCC18\SRC\TRADIT~1\PROC\p18f458.asm
             RXF2EIDHbits   0x000f0a       data     extern C:\MCC18\SRC\TRADIT~1\PROC\p18f458.asm
                 RXF2EIDL   0x000f0b       data     extern C:\MCC18\SRC\TRADIT~1\PROC\p18f458.asm
             RXF2EIDLbits   0x000f0b       data     extern C:\MCC18\SRC\TRADIT~1\PROC\p18f458.asm
                 RXF2SIDH   0x000f08       data     extern C:\MCC18\SRC\TRADIT~1\PROC\p18f458.asm
             RXF2SIDHbits   0x000f08       data     extern C:\MCC18\SRC\TRADIT~1\PROC\p18f458.asm
                 RXF2SIDL   0x000f09       data     extern C:\MCC18\SRC\TRADIT~1\PROC\p18f458.asm
             RXF2SIDLbits   0x000f09       data     extern C:\MCC18\SRC\TRADIT~1\PROC\p18f458.asm
                 RXF3EIDH   0x000f0e       data     extern C:\MCC18\SRC\TRADIT~1\PROC\p18f458.asm
             RXF3EIDHbits   0x000f0e       data     extern C:\MCC18\SRC\TRADIT~1\PROC\p18f458.asm
                 RXF3EIDL   0x000f0f       data     extern C:\MCC18\SRC\TRADIT~1\PROC\p18f458.asm
             RXF3EIDLbits   0x000f0f       data     extern C:\MCC18\SRC\TRADIT~1\PROC\p18f458.asm
                 RXF3SIDH   0x000f0c       data     extern C:\MCC18\SRC\TRADIT~1\PROC\p18f458.asm
             RXF3SIDHbits   0x000f0c       data     extern C:\MCC18\SRC\TRADIT~1\PROC\p18f458.asm
                 RXF3SIDL   0x000f0d       data     extern C:\MCC18\SRC\TRADIT~1\PROC\p18f458.asm
             RXF3SIDLbits   0x000f0d       data     extern C:\MCC18\SRC\TRADIT~1\PROC\p18f458.asm
                 RXF4EIDH   0x000f12       data     extern C:\MCC18\SRC\TRADIT~1\PROC\p18f458.asm
             RXF4EIDHbits   0x000f12       data     extern C:\MCC18\SRC\TRADIT~1\PROC\p18f458.asm
                 RXF4EIDL   0x000f13       data     extern C:\MCC18\SRC\TRADIT~1\PROC\p18f458.asm
             RXF4EIDLbits   0x000f13       data     extern C:\MCC18\SRC\TRADIT~1\PROC\p18f458.asm
                 RXF4SIDH   0x000f10       data     extern C:\MCC18\SRC\TRADIT~1\PROC\p18f458.asm
             RXF4SIDHbits   0x000f10       data     extern C:\MCC18\SRC\TRADIT~1\PROC\p18f458.asm
                 RXF4SIDL   0x000f11       data     extern C:\MCC18\SRC\TRADIT~1\PROC\p18f458.asm
             RXF4SIDLbits   0x000f11       data     extern C:\MCC18\SRC\TRADIT~1\PROC\p18f458.asm
                 RXF5EIDH   0x000f16       data     extern C:\MCC18\SRC\TRADIT~1\PROC\p18f458.asm
             RXF5EIDHbits   0x000f16       data     extern C:\MCC18\SRC\TRADIT~1\PROC\p18f458.asm
                 RXF5EIDL   0x000f17       data     extern C:\MCC18\SRC\TRADIT~1\PROC\p18f458.asm
             RXF5EIDLbits   0x000f17       data     extern C:\MCC18\SRC\TRADIT~1\PROC\p18f458.asm
                 RXF5SIDH   0x000f14       data     extern C:\MCC18\SRC\TRADIT~1\PROC\p18f458.asm
             RXF5SIDHbits   0x000f14       data     extern C:\MCC18\SRC\TRADIT~1\PROC\p18f458.asm
                 RXF5SIDL   0x000f15       data     extern C:\MCC18\SRC\TRADIT~1\PROC\p18f458.asm
             RXF5SIDLbits   0x000f15       data     extern C:\MCC18\SRC\TRADIT~1\PROC\p18f458.asm
                 RXM0EIDH   0x000f1a       data     extern C:\MCC18\SRC\TRADIT~1\PROC\p18f458.asm
             RXM0EIDHbits   0x000f1a       data     extern C:\MCC18\SRC\TRADIT~1\PROC\p18f458.asm
                 RXM0EIDL   0x000f1b       data     extern C:\MCC18\SRC\TRADIT~1\PROC\p18f458.asm
             RXM0EIDLbits   0x000f1b       data     extern C:\MCC18\SRC\TRADIT~1\PROC\p18f458.asm
                 RXM0SIDH   0x000f18       data     extern C:\MCC18\SRC\TRADIT~1\PROC\p18f458.asm
             RXM0SIDHbits   0x000f18       data     extern C:\MCC18\SRC\TRADIT~1\PROC\p18f458.asm
                 RXM0SIDL   0x000f19       data     extern C:\MCC18\SRC\TRADIT~1\PROC\p18f458.asm
             RXM0SIDLbits   0x000f19       data     extern C:\MCC18\SRC\TRADIT~1\PROC\p18f458.asm
                 RXM1EIDH   0x000f1e       data     extern C:\MCC18\SRC\TRADIT~1\PROC\p18f458.asm
             RXM1EIDHbits   0x000f1e       data     extern C:\MCC18\SRC\TRADIT~1\PROC\p18f458.asm
                 RXM1EIDL   0x000f1f       data     extern C:\MCC18\SRC\TRADIT~1\PROC\p18f458.asm
             RXM1EIDLbits   0x000f1f       data     extern C:\MCC18\SRC\TRADIT~1\PROC\p18f458.asm
                 RXM1SIDH   0x000f1c       data     extern C:\MCC18\SRC\TRADIT~1\PROC\p18f458.asm
             RXM1SIDHbits   0x000f1c       data     extern C:\MCC18\SRC\TRADIT~1\PROC\p18f458.asm
                 RXM1SIDL   0x000f1d       data     extern C:\MCC18\SRC\TRADIT~1\PROC\p18f458.asm
             RXM1SIDLbits   0x000f1d       data     extern C:\MCC18\SRC\TRADIT~1\PROC\p18f458.asm
                     SIGN   0x000003       data     extern C:\MCC18\SRC\TRADIT~1\MATH\cmath18.asm
                    SPBRG   0x000faf       data     extern C:\MCC18\SRC\TRADIT~1\PROC\p18f458.asm
                   SSPADD   0x000fc8       data     extern C:\MCC18\SRC\TRADIT~1\PROC\p18f458.asm
                   SSPBUF   0x000fc9       data     extern C:\MCC18\SRC\TRADIT~1\PROC\p18f458.asm
                  SSPCON1   0x000fc6       data     extern C:\MCC18\SRC\TRADIT~1\PROC\p18f458.asm
              SSPCON1bits   0x000fc6       data     extern C:\MCC18\SRC\TRADIT~1\PROC\p18f458.asm
                  SSPCON2   0x000fc5       data     extern C:\MCC18\SRC\TRADIT~1\PROC\p18f458.asm
              SSPCON2bits   0x000fc5       data     extern C:\MCC18\SRC\TRADIT~1\PROC\p18f458.asm
                  SSPSTAT   0x000fc7       data     extern C:\MCC18\SRC\TRADIT~1\PROC\p18f458.asm
              SSPSTATbits   0x000fc7       data     extern C:\MCC18\SRC\TRADIT~1\PROC\p18f458.asm
                   STATUS   0x000fd8       data     extern C:\MCC18\SRC\TRADIT~1\PROC\p18f458.asm
               STATUSbits   0x000fd8       data     extern C:\MCC18\SRC\TRADIT~1\PROC\p18f458.asm
                   STKPTR   0x000ffc       data     extern C:\MCC18\SRC\TRADIT~1\PROC\p18f458.asm
               STKPTRbits   0x000ffc       data     extern C:\MCC18\SRC\TRADIT~1\PROC\p18f458.asm
                    T0CON   0x000fd5       data     extern C:\MCC18\SRC\TRADIT~1\PROC\p18f458.asm
                T0CONbits   0x000fd5       data     extern C:\MCC18\SRC\TRADIT~1\PROC\p18f458.asm
                    T1CON   0x000fcd       data     extern C:\MCC18\SRC\TRADIT~1\PROC\p18f458.asm
                T1CONbits   0x000fcd       data     extern C:\MCC18\SRC\TRADIT~1\PROC\p18f458.asm
                    T2CON   0x000fca       data     extern C:\MCC18\SRC\TRADIT~1\PROC\p18f458.asm
                T2CONbits   0x000fca       data     extern C:\MCC18\SRC\TRADIT~1\PROC\p18f458.asm
                    T3CON   0x000fb1       data     extern C:\MCC18\SRC\TRADIT~1\PROC\p18f458.asm
                T3CONbits   0x000fb1       data     extern C:\MCC18\SRC\TRADIT~1\PROC\p18f458.asm
                   TABLAT   0x000ff5       data     extern C:\MCC18\SRC\TRADIT~1\PROC\p18f458.asm
                   TBLPTR   0x000ff6       data     extern C:\MCC18\SRC\TRADIT~1\PROC\p18f458.asm
                  TBLPTRH   0x000ff7       data     extern C:\MCC18\SRC\TRADIT~1\PROC\p18f458.asm
                  TBLPTRL   0x000ff6       data     extern C:\MCC18\SRC\TRADIT~1\PROC\p18f458.asm
                  TBLPTRU   0x000ff8       data     extern C:\MCC18\SRC\TRADIT~1\PROC\p18f458.asm
                    TMR0H   0x000fd7       data     extern C:\MCC18\SRC\TRADIT~1\PROC\p18f458.asm
                    TMR0L   0x000fd6       data     extern C:\MCC18\SRC\TRADIT~1\PROC\p18f458.asm
                    TMR1H   0x000fcf       data     extern C:\MCC18\SRC\TRADIT~1\PROC\p18f458.asm
                    TMR1L   0x000fce       data     extern C:\MCC18\SRC\TRADIT~1\PROC\p18f458.asm
                     TMR2   0x000fcc       data     extern C:\MCC18\SRC\TRADIT~1\PROC\p18f458.asm
                    TMR3H   0x000fb3       data     extern C:\MCC18\SRC\TRADIT~1\PROC\p18f458.asm
                    TMR3L   0x000fb2       data     extern C:\MCC18\SRC\TRADIT~1\PROC\p18f458.asm
                      TOS   0x000ffd       data     extern C:\MCC18\SRC\TRADIT~1\PROC\p18f458.asm
                     TOSH   0x000ffe       data     extern C:\MCC18\SRC\TRADIT~1\PROC\p18f458.asm
                     TOSL   0x000ffd       data     extern C:\MCC18\SRC\TRADIT~1\PROC\p18f458.asm
                     TOSU   0x000fff       data     extern C:\MCC18\SRC\TRADIT~1\PROC\p18f458.asm
                    TRISA   0x000f92       data     extern C:\MCC18\SRC\TRADIT~1\PROC\p18f458.asm
                TRISAbits   0x000f92       data     extern C:\MCC18\SRC\TRADIT~1\PROC\p18f458.asm
                    TRISB   0x000f93       data     extern C:\MCC18\SRC\TRADIT~1\PROC\p18f458.asm
                TRISBbits   0x000f93       data     extern C:\MCC18\SRC\TRADIT~1\PROC\p18f458.asm
                    TRISC   0x000f94       data     extern C:\MCC18\SRC\TRADIT~1\PROC\p18f458.asm
                TRISCbits   0x000f94       data     extern C:\MCC18\SRC\TRADIT~1\PROC\p18f458.asm
                    TRISD   0x000f95       data     extern C:\MCC18\SRC\TRADIT~1\PROC\p18f458.asm
                TRISDbits   0x000f95       data     extern C:\MCC18\SRC\TRADIT~1\PROC\p18f458.asm
                    TRISE   0x000f96       data     extern C:\MCC18\SRC\TRADIT~1\PROC\p18f458.asm
                TRISEbits   0x000f96       data     extern C:\MCC18\SRC\TRADIT~1\PROC\p18f458.asm
                  TXB0CON   0x000f40       data     extern C:\MCC18\SRC\TRADIT~1\PROC\p18f458.asm
              TXB0CONbits   0x000f40       data     extern C:\MCC18\SRC\TRADIT~1\PROC\p18f458.asm
                   TXB0D0   0x000f46       data     extern C:\MCC18\SRC\TRADIT~1\PROC\p18f458.asm
               TXB0D0bits   0x000f46       data     extern C:\MCC18\SRC\TRADIT~1\PROC\p18f458.asm
                   TXB0D1   0x000f47       data     extern C:\MCC18\SRC\TRADIT~1\PROC\p18f458.asm
               TXB0D1bits   0x000f47       data     extern C:\MCC18\SRC\TRADIT~1\PROC\p18f458.asm
                   TXB0D2   0x000f48       data     extern C:\MCC18\SRC\TRADIT~1\PROC\p18f458.asm
               TXB0D2bits   0x000f48       data     extern C:\MCC18\SRC\TRADIT~1\PROC\p18f458.asm
                   TXB0D3   0x000f49       data     extern C:\MCC18\SRC\TRADIT~1\PROC\p18f458.asm
               TXB0D3bits   0x000f49       data     extern C:\MCC18\SRC\TRADIT~1\PROC\p18f458.asm
                   TXB0D4   0x000f4a       data     extern C:\MCC18\SRC\TRADIT~1\PROC\p18f458.asm
               TXB0D4bits   0x000f4a       data     extern C:\MCC18\SRC\TRADIT~1\PROC\p18f458.asm
                   TXB0D5   0x000f4b       data     extern C:\MCC18\SRC\TRADIT~1\PROC\p18f458.asm
               TXB0D5bits   0x000f4b       data     extern C:\MCC18\SRC\TRADIT~1\PROC\p18f458.asm
                   TXB0D6   0x000f4c       data     extern C:\MCC18\SRC\TRADIT~1\PROC\p18f458.asm
               TXB0D6bits   0x000f4c       data     extern C:\MCC18\SRC\TRADIT~1\PROC\p18f458.asm
                   TXB0D7   0x000f4d       data     extern C:\MCC18\SRC\TRADIT~1\PROC\p18f458.asm
               TXB0D7bits   0x000f4d       data     extern C:\MCC18\SRC\TRADIT~1\PROC\p18f458.asm
                  TXB0DLC   0x000f45       data     extern C:\MCC18\SRC\TRADIT~1\PROC\p18f458.asm
              TXB0DLCbits   0x000f45       data     extern C:\MCC18\SRC\TRADIT~1\PROC\p18f458.asm
                 TXB0EIDH   0x000f43       data     extern C:\MCC18\SRC\TRADIT~1\PROC\p18f458.asm
             TXB0EIDHbits   0x000f43       data     extern C:\MCC18\SRC\TRADIT~1\PROC\p18f458.asm
                 TXB0EIDL   0x000f44       data     extern C:\MCC18\SRC\TRADIT~1\PROC\p18f458.asm
             TXB0EIDLbits   0x000f44       data     extern C:\MCC18\SRC\TRADIT~1\PROC\p18f458.asm
                 TXB0SIDH   0x000f41       data     extern C:\MCC18\SRC\TRADIT~1\PROC\p18f458.asm
             TXB0SIDHbits   0x000f41       data     extern C:\MCC18\SRC\TRADIT~1\PROC\p18f458.asm
                 TXB0SIDL   0x000f42       data     extern C:\MCC18\SRC\TRADIT~1\PROC\p18f458.asm
             TXB0SIDLbits   0x000f42       data     extern C:\MCC18\SRC\TRADIT~1\PROC\p18f458.asm
                  TXB1CON   0x000f30       data     extern C:\MCC18\SRC\TRADIT~1\PROC\p18f458.asm
              TXB1CONbits   0x000f30       data     extern C:\MCC18\SRC\TRADIT~1\PROC\p18f458.asm
                   TXB1D0   0x000f36       data     extern C:\MCC18\SRC\TRADIT~1\PROC\p18f458.asm
               TXB1D0bits   0x000f36       data     extern C:\MCC18\SRC\TRADIT~1\PROC\p18f458.asm
                   TXB1D1   0x000f37       data     extern C:\MCC18\SRC\TRADIT~1\PROC\p18f458.asm
               TXB1D1bits   0x000f37       data     extern C:\MCC18\SRC\TRADIT~1\PROC\p18f458.asm
                   TXB1D2   0x000f38       data     extern C:\MCC18\SRC\TRADIT~1\PROC\p18f458.asm
               TXB1D2bits   0x000f38       data     extern C:\MCC18\SRC\TRADIT~1\PROC\p18f458.asm
                   TXB1D3   0x000f39       data     extern C:\MCC18\SRC\TRADIT~1\PROC\p18f458.asm
               TXB1D3bits   0x000f39       data     extern C:\MCC18\SRC\TRADIT~1\PROC\p18f458.asm
                   TXB1D4   0x000f3a       data     extern C:\MCC18\SRC\TRADIT~1\PROC\p18f458.asm
               TXB1D4bits   0x000f3a       data     extern C:\MCC18\SRC\TRADIT~1\PROC\p18f458.asm
                   TXB1D5   0x000f3b       data     extern C:\MCC18\SRC\TRADIT~1\PROC\p18f458.asm
               TXB1D5bits   0x000f3b       data     extern C:\MCC18\SRC\TRADIT~1\PROC\p18f458.asm
                   TXB1D6   0x000f3c       data     extern C:\MCC18\SRC\TRADIT~1\PROC\p18f458.asm
               TXB1D6bits   0x000f3c       data     extern C:\MCC18\SRC\TRADIT~1\PROC\p18f458.asm
                   TXB1D7   0x000f3d       data     extern C:\MCC18\SRC\TRADIT~1\PROC\p18f458.asm
               TXB1D7bits   0x000f3d       data     extern C:\MCC18\SRC\TRADIT~1\PROC\p18f458.asm
                  TXB1DLC   0x000f35       data     extern C:\MCC18\SRC\TRADIT~1\PROC\p18f458.asm
              TXB1DLCbits   0x000f35       data     extern C:\MCC18\SRC\TRADIT~1\PROC\p18f458.asm
                 TXB1EIDH   0x000f33       data     extern C:\MCC18\SRC\TRADIT~1\PROC\p18f458.asm
             TXB1EIDHbits   0x000f33       data     extern C:\MCC18\SRC\TRADIT~1\PROC\p18f458.asm
                 TXB1EIDL   0x000f34       data     extern C:\MCC18\SRC\TRADIT~1\PROC\p18f458.asm
             TXB1EIDLbits   0x000f34       data     extern C:\MCC18\SRC\TRADIT~1\PROC\p18f458.asm
                 TXB1SIDH   0x000f31       data     extern C:\MCC18\SRC\TRADIT~1\PROC\p18f458.asm
             TXB1SIDHbits   0x000f31       data     extern C:\MCC18\SRC\TRADIT~1\PROC\p18f458.asm
                 TXB1SIDL   0x000f32       data     extern C:\MCC18\SRC\TRADIT~1\PROC\p18f458.asm
             TXB1SIDLbits   0x000f32       data     extern C:\MCC18\SRC\TRADIT~1\PROC\p18f458.asm
                  TXB2CON   0x000f20       data     extern C:\MCC18\SRC\TRADIT~1\PROC\p18f458.asm
              TXB2CONbits   0x000f20       data     extern C:\MCC18\SRC\TRADIT~1\PROC\p18f458.asm
                   TXB2D0   0x000f26       data     extern C:\MCC18\SRC\TRADIT~1\PROC\p18f458.asm
               TXB2D0bits   0x000f26       data     extern C:\MCC18\SRC\TRADIT~1\PROC\p18f458.asm
                   TXB2D1   0x000f27       data     extern C:\MCC18\SRC\TRADIT~1\PROC\p18f458.asm
               TXB2D1bits   0x000f27       data     extern C:\MCC18\SRC\TRADIT~1\PROC\p18f458.asm
                   TXB2D2   0x000f28       data     extern C:\MCC18\SRC\TRADIT~1\PROC\p18f458.asm
               TXB2D2bits   0x000f28       data     extern C:\MCC18\SRC\TRADIT~1\PROC\p18f458.asm
                   TXB2D3   0x000f29       data     extern C:\MCC18\SRC\TRADIT~1\PROC\p18f458.asm
               TXB2D3bits   0x000f29       data     extern C:\MCC18\SRC\TRADIT~1\PROC\p18f458.asm
                   TXB2D4   0x000f2a       data     extern C:\MCC18\SRC\TRADIT~1\PROC\p18f458.asm
               TXB2D4bits   0x000f2a       data     extern C:\MCC18\SRC\TRADIT~1\PROC\p18f458.asm
                   TXB2D5   0x000f2b       data     extern C:\MCC18\SRC\TRADIT~1\PROC\p18f458.asm
               TXB2D5bits   0x000f2b       data     extern C:\MCC18\SRC\TRADIT~1\PROC\p18f458.asm
                   TXB2D6   0x000f2c       data     extern C:\MCC18\SRC\TRADIT~1\PROC\p18f458.asm
               TXB2D6bits   0x000f2c       data     extern C:\MCC18\SRC\TRADIT~1\PROC\p18f458.asm
                   TXB2D7   0x000f2d       data     extern C:\MCC18\SRC\TRADIT~1\PROC\p18f458.asm
               TXB2D7bits   0x000f2d       data     extern C:\MCC18\SRC\TRADIT~1\PROC\p18f458.asm
                  TXB2DLC   0x000f25       data     extern C:\MCC18\SRC\TRADIT~1\PROC\p18f458.asm
              TXB2DLCbits   0x000f25       data     extern C:\MCC18\SRC\TRADIT~1\PROC\p18f458.asm
                 TXB2EIDH   0x000f23       data     extern C:\MCC18\SRC\TRADIT~1\PROC\p18f458.asm
             TXB2EIDHbits   0x000f23       data     extern C:\MCC18\SRC\TRADIT~1\PROC\p18f458.asm
                 TXB2EIDL   0x000f24       data     extern C:\MCC18\SRC\TRADIT~1\PROC\p18f458.asm
             TXB2EIDLbits   0x000f24       data     extern C:\MCC18\SRC\TRADIT~1\PROC\p18f458.asm
                 TXB2SIDH   0x000f21       data     extern C:\MCC18\SRC\TRADIT~1\PROC\p18f458.asm
             TXB2SIDHbits   0x000f21       data     extern C:\MCC18\SRC\TRADIT~1\PROC\p18f458.asm
                 TXB2SIDL   0x000f22       data     extern C:\MCC18\SRC\TRADIT~1\PROC\p18f458.asm
             TXB2SIDLbits   0x000f22       data     extern C:\MCC18\SRC\TRADIT~1\PROC\p18f458.asm
                 TXERRCNT   0x000f76       data     extern C:\MCC18\SRC\TRADIT~1\PROC\p18f458.asm
             TXERRCNTbits   0x000f76       data     extern C:\MCC18\SRC\TRADIT~1\PROC\p18f458.asm
                    TXREG   0x000fad       data     extern C:\MCC18\SRC\TRADIT~1\PROC\p18f458.asm
                    TXSTA   0x000fac       data     extern C:\MCC18\SRC\TRADIT~1\PROC\p18f458.asm
                TXSTAbits   0x000fac       data     extern C:\MCC18\SRC\TRADIT~1\PROC\p18f458.asm
             USART_Status   0x0000ee       data     extern C:\mcc18\src\TRADIT~1\pmc\USART\usartd.c
                        W   0x000fe8       data     extern C:\MCC18\SRC\TRADIT~1\PROC\p18f458.asm
                   WDTCON   0x000fd1       data     extern C:\MCC18\SRC\TRADIT~1\PROC\p18f458.asm
               WDTCONbits   0x000fd1       data     extern C:\MCC18\SRC\TRADIT~1\PROC\p18f458.asm
                     WREG   0x000fe8       data     extern C:\MCC18\SRC\TRADIT~1\PROC\p18f458.asm
                  __tmp_0   0x000000       data     static D:\Exclude\solar_node\main.c
                 beaconID   0x00010a       data     extern D:\Exclude\solar_node\main.c
            beaconcounter   0x00010b       data     extern D:\Exclude\solar_node\main.c
            button_pushed   0x000113       data     extern D:\Exclude\solar_node\main.c
                curr_byte   0x0000e7       data     static C:\mcc18\src\traditional\startup\c018i.c
               curr_entry   0x0000e9       data     static C:\mcc18\src\traditional\startup\c018i.c
                 data_ptr   0x0000eb       data     static C:\mcc18\src\traditional\startup\c018i.c
                     days   0x000112       data     extern D:\Exclude\solar_node\main.c
                      dip   0x0000de       data     extern D:\Exclude\solar_node\main.c
                    hours   0x000111       data     extern D:\Exclude\solar_node\main.c
                        i   0x0000dc       data     extern D:\Exclude\solar_node\main.c
             indexCounter   0x00011c       data     extern D:\Exclude\solar_node\main.c
                       ix   0x0000d8       data     extern D:\Exclude\solar_node\main.c
               masterRSSI   0x0000e3       data     extern D:\Exclude\solar_node\main.c
                  minutes   0x000110       data     extern D:\Exclude\solar_node\main.c
                 nodeRSSI   0x0000e0       data     extern D:\Exclude\solar_node\main.c
                nodeSolar   0x0000e1       data     extern D:\Exclude\solar_node\main.c
                  nodeSup   0x0000e2       data     extern D:\Exclude\solar_node\main.c
                 nodetemp   0x0000df       data     extern D:\Exclude\solar_node\main.c
                     prom   0x0000e4       data     static C:\mcc18\src\traditional\startup\c018i.c
                   rxdata   0x000060       data     extern D:\Exclude\solar_node\main.c
                rxpointer   0x000100       data     extern D:\Exclude\solar_node\main.c
                sdcounter   0x000105       data     extern D:\Exclude\solar_node\main.c
                  seconds   0x00010f       data     extern D:\Exclude\solar_node\main.c
               sendbeacon   0x000109       data     extern D:\Exclude\solar_node\main.c
                     sent   0x00010e       data     extern D:\Exclude\solar_node\main.c
             sleepcounter   0x000116       data     extern D:\Exclude\solar_node\main.c
              stringIndex   0x000101       data     extern D:\Exclude\solar_node\main.c
             totalseconds   0x000118       data     extern D:\Exclude\solar_node\main.c
                   wakeup   0x00010d       data     extern D:\Exclude\solar_node\main.c
         writeStringIndex   0x000114       data     extern D:\Exclude\solar_node\main.c



                              Symbols - Sorted by Address
                     Name    Address   Location    Storage File                     
                ---------  ---------  ---------  --------- ---------                
                   _entry   0x000000    program     extern C:\mcc18\src\traditional\startup\c018i.c
       ___return_lbl00000   0x000004    program     static                          
 interrupt_at_high_vector   0x000008    program     extern D:\Exclude\solar_node\main.c
       ___return_lbl00026   0x00000c    program     static                          
  interrupt_at_low_vector   0x000018    program     extern D:\Exclude\solar_node\main.c
       ___return_lbl00025   0x00001c    program     static                          
           DelayTXBitUART   0x000038    program     extern D:\Exclude\solar_node\main.c
       ___return_lbl00000   0x000074    program     static                          
       DelayRXHalfBitUART   0x000076    program     extern D:\Exclude\solar_node\main.c
       ___return_lbl00001   0x000090    program     static                          
           DelayRXBitUART   0x000092    program     extern D:\Exclude\solar_node\main.c
       ___return_lbl00002   0x0000ce    program     static                          
                sendRADIO   0x0000d0    program     extern D:\Exclude\solar_node\main.c
              stringRADIO   0x0000f0    program     extern D:\Exclude\solar_node\main.c
                get_solar   0x000186    program     extern D:\Exclude\solar_node\main.c
               get_supply   0x0001ca    program     extern D:\Exclude\solar_node\main.c
                     main   0x00020e    program     extern D:\Exclude\solar_node\main.c
          ___for_lbl00018   0x000276    program     static                          
               __tmplbl_2   0x000282    program     static                          
          ___for_lbl00016   0x00029c    program     static                          
          ___for_lbl00017   0x0002a6    program     static                          
        ___while_lbl00019   0x0002ec    program     static                          
           ___if_lbl00021   0x00030a    program     static                          
           ___if_lbl00022   0x000316    program     static                          
        ___while_lbl00023   0x000362    program     static                          
        ___while_lbl00024   0x000378    program     static                          
       ___return_lbl00015   0x00037a    program     static                          
        ___while_lbl00020   0x00037a    program     static                          
                  low_isr   0x000386    program     extern D:\Exclude\solar_node\main.c
                 high_isr   0x0003b6    program     extern D:\Exclude\solar_node\main.c
                _do_cinit   0x000458    program     extern C:\mcc18\src\traditional\startup\c018i.c
                     test   0x000472    program     static                          
                copy_loop   0x0004ca    program     static                          
            copy_one_byte   0x0004d0    program     static                          
             done_copying   0x0004de    program     static                          
       ___return_lbl00002   0x0004f4    program     static                          
                     done   0x0004f4    program     static                          
                OpenUSART   0x0004f6    program     extern C:\mcc18\src\TRADIT~1\pmc\USART\uopen.c
               OpenTimer1   0x00055e    program     extern C:\mcc18\src\TRADIT~1\pmc\Timers\t1open.c
                ReadUSART   0x0005a0    program     extern C:\mcc18\src\TRADIT~1\pmc\USART\uread.c
              WriteTimer1   0x0005de    program     extern C:\mcc18\src\TRADIT~1\pmc\Timers\t1write.c
             Delay10KTCYx   0x000616    program     extern C:\MCC18\SRC\TRADIT~1\DELAYS\d10ktcyx.asm
                    D10Kx   0x000620    program     static C:\MCC18\SRC\TRADIT~1\DELAYS\d10ktcyx.asm
                   D10K_1   0x000622    program     static C:\MCC18\SRC\TRADIT~1\DELAYS\d10ktcyx.asm
       _D10KTCYXCODE_0010   0x000626    program     static C:\MCC18\SRC\TRADIT~1\DELAYS\d10ktcyx.asm
                    D10Kl   0x00062e    program     static C:\MCC18\SRC\TRADIT~1\DELAYS\d10ktcyx.asm
       _D10KTCYXCODE_001C   0x000632    program     static C:\MCC18\SRC\TRADIT~1\DELAYS\d10ktcyx.asm
               WriteUSART   0x000644    program     extern C:\mcc18\src\TRADIT~1\pmc\USART\uwrite.c
                 _startup   0x000672    program     extern C:\mcc18\src\traditional\startup\c018i.c
                     loop   0x000682    program     static                          
       ___return_lbl00001   0x000688    program     static                          
               __config_0   0x300001    program     static D:\Exclude\solar_node\main.c
               __config_1   0x300003    program     static D:\Exclude\solar_node\main.c
               __config_2   0x300006    program     static D:\Exclude\solar_node\main.c
                  __tmp_0   0x000000       data     static D:\Exclude\solar_node\main.c
                     SIGN   0x000003       data     extern C:\MCC18\SRC\TRADIT~1\MATH\cmath18.asm
                  FPFLAGS   0x000004       data     extern C:\MCC18\SRC\TRADIT~1\MATH\cmath18.asm
              FPFLAGSbits   0x000004       data     extern C:\MCC18\SRC\TRADIT~1\MATH\cmath18.asm
            DelayCounter2   0x000005       data     extern C:\MCC18\SRC\TRADIT~1\DELAYS\delayd2.asm
            DelayCounter1   0x000006       data     extern C:\MCC18\SRC\TRADIT~1\DELAYS\delayd1.asm
                   rxdata   0x000060       data     extern D:\Exclude\solar_node\main.c
                       ix   0x0000d8       data     extern D:\Exclude\solar_node\main.c
                        i   0x0000dc       data     extern D:\Exclude\solar_node\main.c
                      dip   0x0000de       data     extern D:\Exclude\solar_node\main.c
                 nodetemp   0x0000df       data     extern D:\Exclude\solar_node\main.c
                 nodeRSSI   0x0000e0       data     extern D:\Exclude\solar_node\main.c
                nodeSolar   0x0000e1       data     extern D:\Exclude\solar_node\main.c
                  nodeSup   0x0000e2       data     extern D:\Exclude\solar_node\main.c
               masterRSSI   0x0000e3       data     extern D:\Exclude\solar_node\main.c
                     prom   0x0000e4       data     static C:\mcc18\src\traditional\startup\c018i.c
                curr_byte   0x0000e7       data     static C:\mcc18\src\traditional\startup\c018i.c
               curr_entry   0x0000e9       data     static C:\mcc18\src\traditional\startup\c018i.c
                 data_ptr   0x0000eb       data     static C:\mcc18\src\traditional\startup\c018i.c
             USART_Status   0x0000ee       data     extern C:\mcc18\src\TRADIT~1\pmc\USART\usartd.c
                rxpointer   0x000100       data     extern D:\Exclude\solar_node\main.c
              stringIndex   0x000101       data     extern D:\Exclude\solar_node\main.c
                sdcounter   0x000105       data     extern D:\Exclude\solar_node\main.c
               sendbeacon   0x000109       data     extern D:\Exclude\solar_node\main.c
                 beaconID   0x00010a       data     extern D:\Exclude\solar_node\main.c
            beaconcounter   0x00010b       data     extern D:\Exclude\solar_node\main.c
                   wakeup   0x00010d       data     extern D:\Exclude\solar_node\main.c
                     sent   0x00010e       data     extern D:\Exclude\solar_node\main.c
                  seconds   0x00010f       data     extern D:\Exclude\solar_node\main.c
                  minutes   0x000110       data     extern D:\Exclude\solar_node\main.c
                    hours   0x000111       data     extern D:\Exclude\solar_node\main.c
                     days   0x000112       data     extern D:\Exclude\solar_node\main.c
            button_pushed   0x000113       data     extern D:\Exclude\solar_node\main.c
         writeStringIndex   0x000114       data     extern D:\Exclude\solar_node\main.c
               RSSI_taken   0x000115       data     extern D:\Exclude\solar_node\main.c
             sleepcounter   0x000116       data     extern D:\Exclude\solar_node\main.c
             totalseconds   0x000118       data     extern D:\Exclude\solar_node\main.c
             indexCounter   0x00011c       data     extern D:\Exclude\solar_node\main.c
             RXF0SIDHbits   0x000f00       data     extern C:\MCC18\SRC\TRADIT~1\PROC\p18f458.asm
                 RXF0SIDH   0x000f00       data     extern C:\MCC18\SRC\TRADIT~1\PROC\p18f458.asm
                 RXF0SIDL   0x000f01       data     extern C:\MCC18\SRC\TRADIT~1\PROC\p18f458.asm
             RXF0SIDLbits   0x000f01       data     extern C:\MCC18\SRC\TRADIT~1\PROC\p18f458.asm
             RXF0EIDHbits   0x000f02       data     extern C:\MCC18\SRC\TRADIT~1\PROC\p18f458.asm
                 RXF0EIDH   0x000f02       data     extern C:\MCC18\SRC\TRADIT~1\PROC\p18f458.asm
             RXF0EIDLbits   0x000f03       data     extern C:\MCC18\SRC\TRADIT~1\PROC\p18f458.asm
                 RXF0EIDL   0x000f03       data     extern C:\MCC18\SRC\TRADIT~1\PROC\p18f458.asm
                 RXF1SIDH   0x000f04       data     extern C:\MCC18\SRC\TRADIT~1\PROC\p18f458.asm
             RXF1SIDHbits   0x000f04       data     extern C:\MCC18\SRC\TRADIT~1\PROC\p18f458.asm
                 RXF1SIDL   0x000f05       data     extern C:\MCC18\SRC\TRADIT~1\PROC\p18f458.asm
             RXF1SIDLbits   0x000f05       data     extern C:\MCC18\SRC\TRADIT~1\PROC\p18f458.asm
                 RXF1EIDH   0x000f06       data     extern C:\MCC18\SRC\TRADIT~1\PROC\p18f458.asm
             RXF1EIDHbits   0x000f06       data     extern C:\MCC18\SRC\TRADIT~1\PROC\p18f458.asm
             RXF1EIDLbits   0x000f07       data     extern C:\MCC18\SRC\TRADIT~1\PROC\p18f458.asm
                 RXF1EIDL   0x000f07       data     extern C:\MCC18\SRC\TRADIT~1\PROC\p18f458.asm
                 RXF2SIDH   0x000f08       data     extern C:\MCC18\SRC\TRADIT~1\PROC\p18f458.asm
             RXF2SIDHbits   0x000f08       data     extern C:\MCC18\SRC\TRADIT~1\PROC\p18f458.asm
                 RXF2SIDL   0x000f09       data     extern C:\MCC18\SRC\TRADIT~1\PROC\p18f458.asm
             RXF2SIDLbits   0x000f09       data     extern C:\MCC18\SRC\TRADIT~1\PROC\p18f458.asm
                 RXF2EIDH   0x000f0a       data     extern C:\MCC18\SRC\TRADIT~1\PROC\p18f458.asm
             RXF2EIDHbits   0x000f0a       data     extern C:\MCC18\SRC\TRADIT~1\PROC\p18f458.asm
                 RXF2EIDL   0x000f0b       data     extern C:\MCC18\SRC\TRADIT~1\PROC\p18f458.asm
             RXF2EIDLbits   0x000f0b       data     extern C:\MCC18\SRC\TRADIT~1\PROC\p18f458.asm
                 RXF3SIDH   0x000f0c       data     extern C:\MCC18\SRC\TRADIT~1\PROC\p18f458.asm
             RXF3SIDHbits   0x000f0c       data     extern C:\MCC18\SRC\TRADIT~1\PROC\p18f458.asm
                 RXF3SIDL   0x000f0d       data     extern C:\MCC18\SRC\TRADIT~1\PROC\p18f458.asm
             RXF3SIDLbits   0x000f0d       data     extern C:\MCC18\SRC\TRADIT~1\PROC\p18f458.asm
             RXF3EIDHbits   0x000f0e       data     extern C:\MCC18\SRC\TRADIT~1\PROC\p18f458.asm
                 RXF3EIDH   0x000f0e       data     extern C:\MCC18\SRC\TRADIT~1\PROC\p18f458.asm
             RXF3EIDLbits   0x000f0f       data     extern C:\MCC18\SRC\TRADIT~1\PROC\p18f458.asm
                 RXF3EIDL   0x000f0f       data     extern C:\MCC18\SRC\TRADIT~1\PROC\p18f458.asm
                 RXF4SIDH   0x000f10       data     extern C:\MCC18\SRC\TRADIT~1\PROC\p18f458.asm
             RXF4SIDHbits   0x000f10       data     extern C:\MCC18\SRC\TRADIT~1\PROC\p18f458.asm
                 RXF4SIDL   0x000f11       data     extern C:\MCC18\SRC\TRADIT~1\PROC\p18f458.asm
             RXF4SIDLbits   0x000f11       data     extern C:\MCC18\SRC\TRADIT~1\PROC\p18f458.asm
                 RXF4EIDH   0x000f12       data     extern C:\MCC18\SRC\TRADIT~1\PROC\p18f458.asm
             RXF4EIDHbits   0x000f12       data     extern C:\MCC18\SRC\TRADIT~1\PROC\p18f458.asm
                 RXF4EIDL   0x000f13       data     extern C:\MCC18\SRC\TRADIT~1\PROC\p18f458.asm
             RXF4EIDLbits   0x000f13       data     extern C:\MCC18\SRC\TRADIT~1\PROC\p18f458.asm
             RXF5SIDHbits   0x000f14       data     extern C:\MCC18\SRC\TRADIT~1\PROC\p18f458.asm
                 RXF5SIDH   0x000f14       data     extern C:\MCC18\SRC\TRADIT~1\PROC\p18f458.asm
                 RXF5SIDL   0x000f15       data     extern C:\MCC18\SRC\TRADIT~1\PROC\p18f458.asm
             RXF5SIDLbits   0x000f15       data     extern C:\MCC18\SRC\TRADIT~1\PROC\p18f458.asm
                 RXF5EIDH   0x000f16       data     extern C:\MCC18\SRC\TRADIT~1\PROC\p18f458.asm
             RXF5EIDHbits   0x000f16       data     extern C:\MCC18\SRC\TRADIT~1\PROC\p18f458.asm
                 RXF5EIDL   0x000f17       data     extern C:\MCC18\SRC\TRADIT~1\PROC\p18f458.asm
             RXF5EIDLbits   0x000f17       data     extern C:\MCC18\SRC\TRADIT~1\PROC\p18f458.asm
                 RXM0SIDH   0x000f18       data     extern C:\MCC18\SRC\TRADIT~1\PROC\p18f458.asm
             RXM0SIDHbits   0x000f18       data     extern C:\MCC18\SRC\TRADIT~1\PROC\p18f458.asm
             RXM0SIDLbits   0x000f19       data     extern C:\MCC18\SRC\TRADIT~1\PROC\p18f458.asm
                 RXM0SIDL   0x000f19       data     extern C:\MCC18\SRC\TRADIT~1\PROC\p18f458.asm
             RXM0EIDHbits   0x000f1a       data     extern C:\MCC18\SRC\TRADIT~1\PROC\p18f458.asm
                 RXM0EIDH   0x000f1a       data     extern C:\MCC18\SRC\TRADIT~1\PROC\p18f458.asm
             RXM0EIDLbits   0x000f1b       data     extern C:\MCC18\SRC\TRADIT~1\PROC\p18f458.asm
                 RXM0EIDL   0x000f1b       data     extern C:\MCC18\SRC\TRADIT~1\PROC\p18f458.asm
             RXM1SIDHbits   0x000f1c       data     extern C:\MCC18\SRC\TRADIT~1\PROC\p18f458.asm
                 RXM1SIDH   0x000f1c       data     extern C:\MCC18\SRC\TRADIT~1\PROC\p18f458.asm
             RXM1SIDLbits   0x000f1d       data     extern C:\MCC18\SRC\TRADIT~1\PROC\p18f458.asm
                 RXM1SIDL   0x000f1d       data     extern C:\MCC18\SRC\TRADIT~1\PROC\p18f458.asm
             RXM1EIDHbits   0x000f1e       data     extern C:\MCC18\SRC\TRADIT~1\PROC\p18f458.asm
                 RXM1EIDH   0x000f1e       data     extern C:\MCC18\SRC\TRADIT~1\PROC\p18f458.asm
             RXM1EIDLbits   0x000f1f       data     extern C:\MCC18\SRC\TRADIT~1\PROC\p18f458.asm
                 RXM1EIDL   0x000f1f       data     extern C:\MCC18\SRC\TRADIT~1\PROC\p18f458.asm
              TXB2CONbits   0x000f20       data     extern C:\MCC18\SRC\TRADIT~1\PROC\p18f458.asm
                  TXB2CON   0x000f20       data     extern C:\MCC18\SRC\TRADIT~1\PROC\p18f458.asm
             TXB2SIDHbits   0x000f21       data     extern C:\MCC18\SRC\TRADIT~1\PROC\p18f458.asm
                 TXB2SIDH   0x000f21       data     extern C:\MCC18\SRC\TRADIT~1\PROC\p18f458.asm
             TXB2SIDLbits   0x000f22       data     extern C:\MCC18\SRC\TRADIT~1\PROC\p18f458.asm
                 TXB2SIDL   0x000f22       data     extern C:\MCC18\SRC\TRADIT~1\PROC\p18f458.asm
                 TXB2EIDH   0x000f23       data     extern C:\MCC18\SRC\TRADIT~1\PROC\p18f458.asm
             TXB2EIDHbits   0x000f23       data     extern C:\MCC18\SRC\TRADIT~1\PROC\p18f458.asm
             TXB2EIDLbits   0x000f24       data     extern C:\MCC18\SRC\TRADIT~1\PROC\p18f458.asm
                 TXB2EIDL   0x000f24       data     extern C:\MCC18\SRC\TRADIT~1\PROC\p18f458.asm
              TXB2DLCbits   0x000f25       data     extern C:\MCC18\SRC\TRADIT~1\PROC\p18f458.asm
                  TXB2DLC   0x000f25       data     extern C:\MCC18\SRC\TRADIT~1\PROC\p18f458.asm
                   TXB2D0   0x000f26       data     extern C:\MCC18\SRC\TRADIT~1\PROC\p18f458.asm
               TXB2D0bits   0x000f26       data     extern C:\MCC18\SRC\TRADIT~1\PROC\p18f458.asm
                   TXB2D1   0x000f27       data     extern C:\MCC18\SRC\TRADIT~1\PROC\p18f458.asm
               TXB2D1bits   0x000f27       data     extern C:\MCC18\SRC\TRADIT~1\PROC\p18f458.asm
                   TXB2D2   0x000f28       data     extern C:\MCC18\SRC\TRADIT~1\PROC\p18f458.asm
               TXB2D2bits   0x000f28       data     extern C:\MCC18\SRC\TRADIT~1\PROC\p18f458.asm
                   TXB2D3   0x000f29       data     extern C:\MCC18\SRC\TRADIT~1\PROC\p18f458.asm
               TXB2D3bits   0x000f29       data     extern C:\MCC18\SRC\TRADIT~1\PROC\p18f458.asm
               TXB2D4bits   0x000f2a       data     extern C:\MCC18\SRC\TRADIT~1\PROC\p18f458.asm
                   TXB2D4   0x000f2a       data     extern C:\MCC18\SRC\TRADIT~1\PROC\p18f458.asm
               TXB2D5bits   0x000f2b       data     extern C:\MCC18\SRC\TRADIT~1\PROC\p18f458.asm
                   TXB2D5   0x000f2b       data     extern C:\MCC18\SRC\TRADIT~1\PROC\p18f458.asm
               TXB2D6bits   0x000f2c       data     extern C:\MCC18\SRC\TRADIT~1\PROC\p18f458.asm
                   TXB2D6   0x000f2c       data     extern C:\MCC18\SRC\TRADIT~1\PROC\p18f458.asm
                   TXB2D7   0x000f2d       data     extern C:\MCC18\SRC\TRADIT~1\PROC\p18f458.asm
               TXB2D7bits   0x000f2d       data     extern C:\MCC18\SRC\TRADIT~1\PROC\p18f458.asm
           CANSTATRO4bits   0x000f2e       data     extern C:\MCC18\SRC\TRADIT~1\PROC\p18f458.asm
               CANSTATRO4   0x000f2e       data     extern C:\MCC18\SRC\TRADIT~1\PROC\p18f458.asm
              TXB1CONbits   0x000f30       data     extern C:\MCC18\SRC\TRADIT~1\PROC\p18f458.asm
                  TXB1CON   0x000f30       data     extern C:\MCC18\SRC\TRADIT~1\PROC\p18f458.asm
                 TXB1SIDH   0x000f31       data     extern C:\MCC18\SRC\TRADIT~1\PROC\p18f458.asm
             TXB1SIDHbits   0x000f31       data     extern C:\MCC18\SRC\TRADIT~1\PROC\p18f458.asm
                 TXB1SIDL   0x000f32       data     extern C:\MCC18\SRC\TRADIT~1\PROC\p18f458.asm
             TXB1SIDLbits   0x000f32       data     extern C:\MCC18\SRC\TRADIT~1\PROC\p18f458.asm
                 TXB1EIDH   0x000f33       data     extern C:\MCC18\SRC\TRADIT~1\PROC\p18f458.asm
             TXB1EIDHbits   0x000f33       data     extern C:\MCC18\SRC\TRADIT~1\PROC\p18f458.asm
             TXB1EIDLbits   0x000f34       data     extern C:\MCC18\SRC\TRADIT~1\PROC\p18f458.asm
                 TXB1EIDL   0x000f34       data     extern C:\MCC18\SRC\TRADIT~1\PROC\p18f458.asm
                  TXB1DLC   0x000f35       data     extern C:\MCC18\SRC\TRADIT~1\PROC\p18f458.asm
              TXB1DLCbits   0x000f35       data     extern C:\MCC18\SRC\TRADIT~1\PROC\p18f458.asm
               TXB1D0bits   0x000f36       data     extern C:\MCC18\SRC\TRADIT~1\PROC\p18f458.asm
                   TXB1D0   0x000f36       data     extern C:\MCC18\SRC\TRADIT~1\PROC\p18f458.asm
                   TXB1D1   0x000f37       data     extern C:\MCC18\SRC\TRADIT~1\PROC\p18f458.asm
               TXB1D1bits   0x000f37       data     extern C:\MCC18\SRC\TRADIT~1\PROC\p18f458.asm
                   TXB1D2   0x000f38       data     extern C:\MCC18\SRC\TRADIT~1\PROC\p18f458.asm
               TXB1D2bits   0x000f38       data     extern C:\MCC18\SRC\TRADIT~1\PROC\p18f458.asm
                   TXB1D3   0x000f39       data     extern C:\MCC18\SRC\TRADIT~1\PROC\p18f458.asm
               TXB1D3bits   0x000f39       data     extern C:\MCC18\SRC\TRADIT~1\PROC\p18f458.asm
               TXB1D4bits   0x000f3a       data     extern C:\MCC18\SRC\TRADIT~1\PROC\p18f458.asm
                   TXB1D4   0x000f3a       data     extern C:\MCC18\SRC\TRADIT~1\PROC\p18f458.asm
                   TXB1D5   0x000f3b       data     extern C:\MCC18\SRC\TRADIT~1\PROC\p18f458.asm
               TXB1D5bits   0x000f3b       data     extern C:\MCC18\SRC\TRADIT~1\PROC\p18f458.asm
                   TXB1D6   0x000f3c       data     extern C:\MCC18\SRC\TRADIT~1\PROC\p18f458.asm
               TXB1D6bits   0x000f3c       data     extern C:\MCC18\SRC\TRADIT~1\PROC\p18f458.asm
               TXB1D7bits   0x000f3d       data     extern C:\MCC18\SRC\TRADIT~1\PROC\p18f458.asm
                   TXB1D7   0x000f3d       data     extern C:\MCC18\SRC\TRADIT~1\PROC\p18f458.asm
           CANSTATRO3bits   0x000f3e       data     extern C:\MCC18\SRC\TRADIT~1\PROC\p18f458.asm
               CANSTATRO3   0x000f3e       data     extern C:\MCC18\SRC\TRADIT~1\PROC\p18f458.asm
              TXB0CONbits   0x000f40       data     extern C:\MCC18\SRC\TRADIT~1\PROC\p18f458.asm
                  TXB0CON   0x000f40       data     extern C:\MCC18\SRC\TRADIT~1\PROC\p18f458.asm
                 TXB0SIDH   0x000f41       data     extern C:\MCC18\SRC\TRADIT~1\PROC\p18f458.asm
             TXB0SIDHbits   0x000f41       data     extern C:\MCC18\SRC\TRADIT~1\PROC\p18f458.asm
                 TXB0SIDL   0x000f42       data     extern C:\MCC18\SRC\TRADIT~1\PROC\p18f458.asm
             TXB0SIDLbits   0x000f42       data     extern C:\MCC18\SRC\TRADIT~1\PROC\p18f458.asm
             TXB0EIDHbits   0x000f43       data     extern C:\MCC18\SRC\TRADIT~1\PROC\p18f458.asm
                 TXB0EIDH   0x000f43       data     extern C:\MCC18\SRC\TRADIT~1\PROC\p18f458.asm
             TXB0EIDLbits   0x000f44       data     extern C:\MCC18\SRC\TRADIT~1\PROC\p18f458.asm
                 TXB0EIDL   0x000f44       data     extern C:\MCC18\SRC\TRADIT~1\PROC\p18f458.asm
              TXB0DLCbits   0x000f45       data     extern C:\MCC18\SRC\TRADIT~1\PROC\p18f458.asm
                  TXB0DLC   0x000f45       data     extern C:\MCC18\SRC\TRADIT~1\PROC\p18f458.asm
                   TXB0D0   0x000f46       data     extern C:\MCC18\SRC\TRADIT~1\PROC\p18f458.asm
               TXB0D0bits   0x000f46       data     extern C:\MCC18\SRC\TRADIT~1\PROC\p18f458.asm
                   TXB0D1   0x000f47       data     extern C:\MCC18\SRC\TRADIT~1\PROC\p18f458.asm
               TXB0D1bits   0x000f47       data     extern C:\MCC18\SRC\TRADIT~1\PROC\p18f458.asm
                   TXB0D2   0x000f48       data     extern C:\MCC18\SRC\TRADIT~1\PROC\p18f458.asm
               TXB0D2bits   0x000f48       data     extern C:\MCC18\SRC\TRADIT~1\PROC\p18f458.asm
               TXB0D3bits   0x000f49       data     extern C:\MCC18\SRC\TRADIT~1\PROC\p18f458.asm
                   TXB0D3   0x000f49       data     extern C:\MCC18\SRC\TRADIT~1\PROC\p18f458.asm
                   TXB0D4   0x000f4a       data     extern C:\MCC18\SRC\TRADIT~1\PROC\p18f458.asm
               TXB0D4bits   0x000f4a       data     extern C:\MCC18\SRC\TRADIT~1\PROC\p18f458.asm
               TXB0D5bits   0x000f4b       data     extern C:\MCC18\SRC\TRADIT~1\PROC\p18f458.asm
                   TXB0D5   0x000f4b       data     extern C:\MCC18\SRC\TRADIT~1\PROC\p18f458.asm
               TXB0D6bits   0x000f4c       data     extern C:\MCC18\SRC\TRADIT~1\PROC\p18f458.asm
                   TXB0D6   0x000f4c       data     extern C:\MCC18\SRC\TRADIT~1\PROC\p18f458.asm
               TXB0D7bits   0x000f4d       data     extern C:\MCC18\SRC\TRADIT~1\PROC\p18f458.asm
                   TXB0D7   0x000f4d       data     extern C:\MCC18\SRC\TRADIT~1\PROC\p18f458.asm
               CANSTATRO2   0x000f4e       data     extern C:\MCC18\SRC\TRADIT~1\PROC\p18f458.asm
           CANSTATRO2bits   0x000f4e       data     extern C:\MCC18\SRC\TRADIT~1\PROC\p18f458.asm
              RXB1CONbits   0x000f50       data     extern C:\MCC18\SRC\TRADIT~1\PROC\p18f458.asm
                  RXB1CON   0x000f50       data     extern C:\MCC18\SRC\TRADIT~1\PROC\p18f458.asm
             RXB1SIDHbits   0x000f51       data     extern C:\MCC18\SRC\TRADIT~1\PROC\p18f458.asm
                 RXB1SIDH   0x000f51       data     extern C:\MCC18\SRC\TRADIT~1\PROC\p18f458.asm
             RXB1SIDLbits   0x000f52       data     extern C:\MCC18\SRC\TRADIT~1\PROC\p18f458.asm
                 RXB1SIDL   0x000f52       data     extern C:\MCC18\SRC\TRADIT~1\PROC\p18f458.asm
                 RXB1EIDH   0x000f53       data     extern C:\MCC18\SRC\TRADIT~1\PROC\p18f458.asm
             RXB1EIDHbits   0x000f53       data     extern C:\MCC18\SRC\TRADIT~1\PROC\p18f458.asm
             RXB1EIDLbits   0x000f54       data     extern C:\MCC18\SRC\TRADIT~1\PROC\p18f458.asm
                 RXB1EIDL   0x000f54       data     extern C:\MCC18\SRC\TRADIT~1\PROC\p18f458.asm
              RXB1DLCbits   0x000f55       data     extern C:\MCC18\SRC\TRADIT~1\PROC\p18f458.asm
                  RXB1DLC   0x000f55       data     extern C:\MCC18\SRC\TRADIT~1\PROC\p18f458.asm
               RXB1D0bits   0x000f56       data     extern C:\MCC18\SRC\TRADIT~1\PROC\p18f458.asm
                   RXB1D0   0x000f56       data     extern C:\MCC18\SRC\TRADIT~1\PROC\p18f458.asm
               RXB1D1bits   0x000f57       data     extern C:\MCC18\SRC\TRADIT~1\PROC\p18f458.asm
                   RXB1D1   0x000f57       data     extern C:\MCC18\SRC\TRADIT~1\PROC\p18f458.asm
               RXB1D2bits   0x000f58       data     extern C:\MCC18\SRC\TRADIT~1\PROC\p18f458.asm
[...]
               RXB0D6bits   0x000f6c       data     extern C:\MCC18\SRC\TRADIT~1\PROC\p18f458.asm
                   RXB0D6   0x000f6c       data     extern C:\MCC18\SRC\TRADIT~1\PROC\p18f458.asm
               RXB0D7bits   0x000f6d       data     extern C:\MCC18\SRC\TRADIT~1\PROC\p18f458.asm
                   RXB0D7   0x000f6d       data     extern C:\MCC18\SRC\TRADIT~1\PROC\p18f458.asm
              CANSTATbits   0x000f6e       data     extern C:\MCC18\SRC\TRADIT~1\PROC\p18f458.asm
                  CANSTAT   0x000f6e       data     extern C:\MCC18\SRC\TRADIT~1\PROC\p18f458.asm
               CANCONbits   0x000f6f       data     extern C:\MCC18\SRC\TRADIT~1\PROC\p18f458.asm
                   CANCON   0x000f6f       data     extern C:\MCC18\SRC\TRADIT~1\PROC\p18f458.asm
                  BRGCON1   0x000f70       data     extern C:\MCC18\SRC\TRADIT~1\PROC\p18f458.asm
              BRGCON1bits   0x000f70       data     extern C:\MCC18\SRC\TRADIT~1\PROC\p18f458.asm
                  BRGCON2   0x000f71       data     extern C:\MCC18\SRC\TRADIT~1\PROC\p18f458.asm
              BRGCON2bits   0x000f71       data     extern C:\MCC18\SRC\TRADIT~1\PROC\p18f458.asm
                  BRGCON3   0x000f72       data     extern C:\MCC18\SRC\TRADIT~1\PROC\p18f458.asm
              BRGCON3bits   0x000f72       data     extern C:\MCC18\SRC\TRADIT~1\PROC\p18f458.asm
                   CIOCON   0x000f73       data     extern C:\MCC18\SRC\TRADIT~1\PROC\p18f458.asm
               CIOCONbits   0x000f73       data     extern C:\MCC18\SRC\TRADIT~1\PROC\p18f458.asm
                  COMSTAT   0x000f74       data     extern C:\MCC18\SRC\TRADIT~1\PROC\p18f458.asm
              COMSTATbits   0x000f74       data     extern C:\MCC18\SRC\TRADIT~1\PROC\p18f458.asm
             RXERRCNTbits   0x000f75       data     extern C:\MCC18\SRC\TRADIT~1\PROC\p18f458.asm
                 RXERRCNT   0x000f75       data     extern C:\MCC18\SRC\TRADIT~1\PROC\p18f458.asm
             TXERRCNTbits   0x000f76       data     extern C:\MCC18\SRC\TRADIT~1\PROC\p18f458.asm
                 TXERRCNT   0x000f76       data     extern C:\MCC18\SRC\TRADIT~1\PROC\p18f458.asm
                PORTAbits   0x000f80       data     extern C:\MCC18\SRC\TRADIT~1\PROC\p18f458.asm
                    PORTA   0x000f80       data     extern C:\MCC18\SRC\TRADIT~1\PROC\p18f458.asm
                PORTBbits   0x000f81       data     extern C:\MCC18\SRC\TRADIT~1\PROC\p18f458.asm
                    PORTB   0x000f81       data     extern C:\MCC18\SRC\TRADIT~1\PROC\p18f458.asm
                PORTCbits   0x000f82       data     extern C:\MCC18\SRC\TRADIT~1\PROC\p18f458.asm
                    PORTC   0x000f82       data     extern C:\MCC18\SRC\TRADIT~1\PROC\p18f458.asm
                    PORTD   0x000f83       data     extern C:\MCC18\SRC\TRADIT~1\PROC\p18f458.asm
                PORTDbits   0x000f83       data     extern C:\MCC18\SRC\TRADIT~1\PROC\p18f458.asm
                    PORTE   0x000f84       data     extern C:\MCC18\SRC\TRADIT~1\PROC\p18f458.asm
                PORTEbits   0x000f84       data     extern C:\MCC18\SRC\TRADIT~1\PROC\p18f458.asm
                     LATA   0x000f89       data     extern C:\MCC18\SRC\TRADIT~1\PROC\p18f458.asm
                 LATAbits   0x000f89       data     extern C:\MCC18\SRC\TRADIT~1\PROC\p18f458.asm
                     LATB   0x000f8a       data     extern C:\MCC18\SRC\TRADIT~1\PROC\p18f458.asm
                 LATBbits   0x000f8a       data     extern C:\MCC18\SRC\TRADIT~1\PROC\p18f458.asm
                     LATC   0x000f8b       data     extern C:\MCC18\SRC\TRADIT~1\PROC\p18f458.asm
                 LATCbits   0x000f8b       data     extern C:\MCC18\SRC\TRADIT~1\PROC\p18f458.asm
                     LATD   0x000f8c       data     extern C:\MCC18\SRC\TRADIT~1\PROC\p18f458.asm
                 LATDbits   0x000f8c       data     extern C:\MCC18\SRC\TRADIT~1\PROC\p18f458.asm
                     LATE   0x000f8d       data     extern C:\MCC18\SRC\TRADIT~1\PROC\p18f458.asm
                 LATEbits   0x000f8d       data     extern C:\MCC18\SRC\TRADIT~1\PROC\p18f458.asm
                    TRISA   0x000f92       data     extern C:\MCC18\SRC\TRADIT~1\PROC\p18f458.asm
                TRISAbits   0x000f92       data     extern C:\MCC18\SRC\TRADIT~1\PROC\p18f458.asm
                     DDRA   0x000f92       data     extern C:\MCC18\SRC\TRADIT~1\PROC\p18f458.asm
                 DDRAbits   0x000f92       data     extern C:\MCC18\SRC\TRADIT~1\PROC\p18f458.asm
                 DDRBbits   0x000f93       data     extern C:\MCC18\SRC\TRADIT~1\PROC\p18f458.asm
                     DDRB   0x000f93       data     extern C:\MCC18\SRC\TRADIT~1\PROC\p18f458.asm
                TRISBbits   0x000f93       data     extern C:\MCC18\SRC\TRADIT~1\PROC\p18f458.asm
                    TRISB   0x000f93       data     extern C:\MCC18\SRC\TRADIT~1\PROC\p18f458.asm
                     DDRC   0x000f94       data     extern C:\MCC18\SRC\TRADIT~1\PROC\p18f458.asm
                 DDRCbits   0x000f94       data     extern C:\MCC18\SRC\TRADIT~1\PROC\p18f458.asm
                TRISCbits   0x000f94       data     extern C:\MCC18\SRC\TRADIT~1\PROC\p18f458.asm
                    TRISC   0x000f94       data     extern C:\MCC18\SRC\TRADIT~1\PROC\p18f458.asm
                TRISDbits   0x000f95       data     extern C:\MCC18\SRC\TRADIT~1\PROC\p18f458.asm
                    TRISD   0x000f95       data     extern C:\MCC18\SRC\TRADIT~1\PROC\p18f458.asm
                 DDRDbits   0x000f95       data     extern C:\MCC18\SRC\TRADIT~1\PROC\p18f458.asm
                     DDRD   0x000f95       data     extern C:\MCC18\SRC\TRADIT~1\PROC\p18f458.asm
                TRISEbits   0x000f96       data     extern C:\MCC18\SRC\TRADIT~1\PROC\p18f458.asm
                    TRISE   0x000f96       data     extern C:\MCC18\SRC\TRADIT~1\PROC\p18f458.asm
                 DDREbits   0x000f96       data     extern C:\MCC18\SRC\TRADIT~1\PROC\p18f458.asm
                     DDRE   0x000f96       data     extern C:\MCC18\SRC\TRADIT~1\PROC\p18f458.asm
                 PIE1bits   0x000f9d       data     extern C:\MCC18\SRC\TRADIT~1\PROC\p18f458.asm
                     PIE1   0x000f9d       data     extern C:\MCC18\SRC\TRADIT~1\PROC\p18f458.asm
                     PIR1   0x000f9e       data     extern C:\MCC18\SRC\TRADIT~1\PROC\p18f458.asm
                 PIR1bits   0x000f9e       data     extern C:\MCC18\SRC\TRADIT~1\PROC\p18f458.asm
                 IPR1bits   0x000f9f       data     extern C:\MCC18\SRC\TRADIT~1\PROC\p18f458.asm
                     IPR1   0x000f9f       data     extern C:\MCC18\SRC\TRADIT~1\PROC\p18f458.asm
                 PIE2bits   0x000fa0       data     extern C:\MCC18\SRC\TRADIT~1\PROC\p18f458.asm
                     PIE2   0x000fa0       data     extern C:\MCC18\SRC\TRADIT~1\PROC\p18f458.asm
                 PIR2bits   0x000fa1       data     extern C:\MCC18\SRC\TRADIT~1\PROC\p18f458.asm
                     PIR2   0x000fa1       data     extern C:\MCC18\SRC\TRADIT~1\PROC\p18f458.asm
                     IPR2   0x000fa2       data     extern C:\MCC18\SRC\TRADIT~1\PROC\p18f458.asm
                 IPR2bits   0x000fa2       data     extern C:\MCC18\SRC\TRADIT~1\PROC\p18f458.asm
                 PIE3bits   0x000fa3       data     extern C:\MCC18\SRC\TRADIT~1\PROC\p18f458.asm
                     PIE3   0x000fa3       data     extern C:\MCC18\SRC\TRADIT~1\PROC\p18f458.asm
                 PIR3bits   0x000fa4       data     extern C:\MCC18\SRC\TRADIT~1\PROC\p18f458.asm
                     PIR3   0x000fa4       data     extern C:\MCC18\SRC\TRADIT~1\PROC\p18f458.asm
                 IPR3bits   0x000fa5       data     extern C:\MCC18\SRC\TRADIT~1\PROC\p18f458.asm
                     IPR3   0x000fa5       data     extern C:\MCC18\SRC\TRADIT~1\PROC\p18f458.asm
                   EECON1   0x000fa6       data     extern C:\MCC18\SRC\TRADIT~1\PROC\p18f458.asm
               EECON1bits   0x000fa6       data     extern C:\MCC18\SRC\TRADIT~1\PROC\p18f458.asm
                   EECON2   0x000fa7       data     extern C:\MCC18\SRC\TRADIT~1\PROC\p18f458.asm
                   EEDATA   0x000fa8       data     extern C:\MCC18\SRC\TRADIT~1\PROC\p18f458.asm
                    EEADR   0x000fa9       data     extern C:\MCC18\SRC\TRADIT~1\PROC\p18f458.asm
                    RCSTA   0x000fab       data     extern C:\MCC18\SRC\TRADIT~1\PROC\p18f458.asm
                RCSTAbits   0x000fab       data     extern C:\MCC18\SRC\TRADIT~1\PROC\p18f458.asm
                    TXSTA   0x000fac       data     extern C:\MCC18\SRC\TRADIT~1\PROC\p18f458.asm
                TXSTAbits   0x000fac       data     extern C:\MCC18\SRC\TRADIT~1\PROC\p18f458.asm
                    TXREG   0x000fad       data     extern C:\MCC18\SRC\TRADIT~1\PROC\p18f458.asm
                    RCREG   0x000fae       data     extern C:\MCC18\SRC\TRADIT~1\PROC\p18f458.asm
                    SPBRG   0x000faf       data     extern C:\MCC18\SRC\TRADIT~1\PROC\p18f458.asm
                    T3CON   0x000fb1       data     extern C:\MCC18\SRC\TRADIT~1\PROC\p18f458.asm
                T3CONbits   0x000fb1       data     extern C:\MCC18\SRC\TRADIT~1\PROC\p18f458.asm
                    TMR3L   0x000fb2       data     extern C:\MCC18\SRC\TRADIT~1\PROC\p18f458.asm
                    TMR3H   0x000fb3       data     extern C:\MCC18\SRC\TRADIT~1\PROC\p18f458.asm
                    CMCON   0x000fb4       data     extern C:\MCC18\SRC\TRADIT~1\PROC\p18f458.asm
                CMCONbits   0x000fb4       data     extern C:\MCC18\SRC\TRADIT~1\PROC\p18f458.asm
                   CVRCON   0x000fb5       data     extern C:\MCC18\SRC\TRADIT~1\PROC\p18f458.asm
               CVRCONbits   0x000fb5       data     extern C:\MCC18\SRC\TRADIT~1\PROC\p18f458.asm
               ECCPASbits   0x000fb6       data     extern C:\MCC18\SRC\TRADIT~1\PROC\p18f458.asm
                   ECCPAS   0x000fb6       data     extern C:\MCC18\SRC\TRADIT~1\PROC\p18f458.asm
                 ECCP1DEL   0x000fb7       data     extern C:\MCC18\SRC\TRADIT~1\PROC\p18f458.asm
             ECCP1DELbits   0x000fb7       data     extern C:\MCC18\SRC\TRADIT~1\PROC\p18f458.asm
             ECCP1CONbits   0x000fba       data     extern C:\MCC18\SRC\TRADIT~1\PROC\p18f458.asm
                 ECCP1CON   0x000fba       data     extern C:\MCC18\SRC\TRADIT~1\PROC\p18f458.asm
                  ECCPR1L   0x000fbb       data     extern C:\MCC18\SRC\TRADIT~1\PROC\p18f458.asm
                   ECCPR1   0x000fbb       data     extern C:\MCC18\SRC\TRADIT~1\PROC\p18f458.asm
                  ECCPR1H   0x000fbc       data     extern C:\MCC18\SRC\TRADIT~1\PROC\p18f458.asm
                  CCP1CON   0x000fbd       data     extern C:\MCC18\SRC\TRADIT~1\PROC\p18f458.asm
              CCP1CONbits   0x000fbd       data     extern C:\MCC18\SRC\TRADIT~1\PROC\p18f458.asm
                   CCPR1L   0x000fbe       data     extern C:\MCC18\SRC\TRADIT~1\PROC\p18f458.asm
                   CCPR1H   0x000fbf       data     extern C:\MCC18\SRC\TRADIT~1\PROC\p18f458.asm
               ADCON1bits   0x000fc1       data     extern C:\MCC18\SRC\TRADIT~1\PROC\p18f458.asm
                   ADCON1   0x000fc1       data     extern C:\MCC18\SRC\TRADIT~1\PROC\p18f458.asm
               ADCON0bits   0x000fc2       data     extern C:\MCC18\SRC\TRADIT~1\PROC\p18f458.asm
                   ADCON0   0x000fc2       data     extern C:\MCC18\SRC\TRADIT~1\PROC\p18f458.asm
                   ADRESL   0x000fc3       data     extern C:\MCC18\SRC\TRADIT~1\PROC\p18f458.asm
                    ADRES   0x000fc3       data     extern C:\MCC18\SRC\TRADIT~1\PROC\p18f458.asm
                   ADRESH   0x000fc4       data     extern C:\MCC18\SRC\TRADIT~1\PROC\p18f458.asm
                  SSPCON2   0x000fc5       data     extern C:\MCC18\SRC\TRADIT~1\PROC\p18f458.asm
              SSPCON2bits   0x000fc5       data     extern C:\MCC18\SRC\TRADIT~1\PROC\p18f458.asm
              SSPCON1bits   0x000fc6       data     extern C:\MCC18\SRC\TRADIT~1\PROC\p18f458.asm
                  SSPCON1   0x000fc6       data     extern C:\MCC18\SRC\TRADIT~1\PROC\p18f458.asm
                  SSPSTAT   0x000fc7       data     extern C:\MCC18\SRC\TRADIT~1\PROC\p18f458.asm
              SSPSTATbits   0x000fc7       data     extern C:\MCC18\SRC\TRADIT~1\PROC\p18f458.asm
                   SSPADD   0x000fc8       data     extern C:\MCC18\SRC\TRADIT~1\PROC\p18f458.asm
                   SSPBUF   0x000fc9       data     extern C:\MCC18\SRC\TRADIT~1\PROC\p18f458.asm
                T2CONbits   0x000fca       data     extern C:\MCC18\SRC\TRADIT~1\PROC\p18f458.asm
                    T2CON   0x000fca       data     extern C:\MCC18\SRC\TRADIT~1\PROC\p18f458.asm
                      PR2   0x000fcb       data     extern C:\MCC18\SRC\TRADIT~1\PROC\p18f458.asm
                     TMR2   0x000fcc       data     extern C:\MCC18\SRC\TRADIT~1\PROC\p18f458.asm
                T1CONbits   0x000fcd       data     extern C:\MCC18\SRC\TRADIT~1\PROC\p18f458.asm
                    T1CON   0x000fcd       data     extern C:\MCC18\SRC\TRADIT~1\PROC\p18f458.asm
                    TMR1L   0x000fce       data     extern C:\MCC18\SRC\TRADIT~1\PROC\p18f458.asm
                    TMR1H   0x000fcf       data     extern C:\MCC18\SRC\TRADIT~1\PROC\p18f458.asm
                     RCON   0x000fd0       data     extern C:\MCC18\SRC\TRADIT~1\PROC\p18f458.asm
                 RCONbits   0x000fd0       data     extern C:\MCC18\SRC\TRADIT~1\PROC\p18f458.asm
               WDTCONbits   0x000fd1       data     extern C:\MCC18\SRC\TRADIT~1\PROC\p18f458.asm
                   WDTCON   0x000fd1       data     extern C:\MCC18\SRC\TRADIT~1\PROC\p18f458.asm
               LVDCONbits   0x000fd2       data     extern C:\MCC18\SRC\TRADIT~1\PROC\p18f458.asm
                   LVDCON   0x000fd2       data     extern C:\MCC18\SRC\TRADIT~1\PROC\p18f458.asm
               OSCCONbits   0x000fd3       data     extern C:\MCC18\SRC\TRADIT~1\PROC\p18f458.asm
                   OSCCON   0x000fd3       data     extern C:\MCC18\SRC\TRADIT~1\PROC\p18f458.asm
                T0CONbits   0x000fd5       data     extern C:\MCC18\SRC\TRADIT~1\PROC\p18f458.asm
                    T0CON   0x000fd5       data     extern C:\MCC18\SRC\TRADIT~1\PROC\p18f458.asm
                    TMR0L   0x000fd6       data     extern C:\MCC18\SRC\TRADIT~1\PROC\p18f458.asm
                    TMR0H   0x000fd7       data     extern C:\MCC18\SRC\TRADIT~1\PROC\p18f458.asm
               STATUSbits   0x000fd8       data     extern C:\MCC18\SRC\TRADIT~1\PROC\p18f458.asm
                   STATUS   0x000fd8       data     extern C:\MCC18\SRC\TRADIT~1\PROC\p18f458.asm
                     FSR2   0x000fd9       data     extern C:\MCC18\SRC\TRADIT~1\PROC\p18f458.asm
                    FSR2L   0x000fd9       data     extern C:\MCC18\SRC\TRADIT~1\PROC\p18f458.asm
                    FSR2H   0x000fda       data     extern C:\MCC18\SRC\TRADIT~1\PROC\p18f458.asm
                   PLUSW2   0x000fdb       data     extern C:\MCC18\SRC\TRADIT~1\PROC\p18f458.asm
                  PREINC2   0x000fdc       data     extern C:\MCC18\SRC\TRADIT~1\PROC\p18f458.asm
                 POSTDEC2   0x000fdd       data     extern C:\MCC18\SRC\TRADIT~1\PROC\p18f458.asm
                 POSTINC2   0x000fde       data     extern C:\MCC18\SRC\TRADIT~1\PROC\p18f458.asm
                    INDF2   0x000fdf       data     extern C:\MCC18\SRC\TRADIT~1\PROC\p18f458.asm
                      BSR   0x000fe0       data     extern C:\MCC18\SRC\TRADIT~1\PROC\p18f458.asm
                     FSR1   0x000fe1       data     extern C:\MCC18\SRC\TRADIT~1\PROC\p18f458.asm
                    FSR1L   0x000fe1       data     extern C:\MCC18\SRC\TRADIT~1\PROC\p18f458.asm
                    FSR1H   0x000fe2       data     extern C:\MCC18\SRC\TRADIT~1\PROC\p18f458.asm
                   PLUSW1   0x000fe3       data     extern C:\MCC18\SRC\TRADIT~1\PROC\p18f458.asm
                  PREINC1   0x000fe4       data     extern C:\MCC18\SRC\TRADIT~1\PROC\p18f458.asm
                 POSTDEC1   0x000fe5       data     extern C:\MCC18\SRC\TRADIT~1\PROC\p18f458.asm
                 POSTINC1   0x000fe6       data     extern C:\MCC18\SRC\TRADIT~1\PROC\p18f458.asm
                    INDF1   0x000fe7       data     extern C:\MCC18\SRC\TRADIT~1\PROC\p18f458.asm
                        W   0x000fe8       data     extern C:\MCC18\SRC\TRADIT~1\PROC\p18f458.asm
                     WREG   0x000fe8       data     extern C:\MCC18\SRC\TRADIT~1\PROC\p18f458.asm
                     FSR0   0x000fe9       data     extern C:\MCC18\SRC\TRADIT~1\PROC\p18f458.asm
                    FSR0L   0x000fe9       data     extern C:\MCC18\SRC\TRADIT~1\PROC\p18f458.asm
                    FSR0H   0x000fea       data     extern C:\MCC18\SRC\TRADIT~1\PROC\p18f458.asm
                   PLUSW0   0x000feb       data     extern C:\MCC18\SRC\TRADIT~1\PROC\p18f458.asm
                  PREINC0   0x000fec       data     extern C:\MCC18\SRC\TRADIT~1\PROC\p18f458.asm
                 POSTDEC0   0x000fed       data     extern C:\MCC18\SRC\TRADIT~1\PROC\p18f458.asm
                 POSTINC0   0x000fee       data     extern C:\MCC18\SRC\TRADIT~1\PROC\p18f458.asm
                    INDF0   0x000fef       data     extern C:\MCC18\SRC\TRADIT~1\PROC\p18f458.asm
              INTCON3bits   0x000ff0       data     extern C:\MCC18\SRC\TRADIT~1\PROC\p18f458.asm
                  INTCON3   0x000ff0       data     extern C:\MCC18\SRC\TRADIT~1\PROC\p18f458.asm
              INTCON2bits   0x000ff1       data     extern C:\MCC18\SRC\TRADIT~1\PROC\p18f458.asm
                  INTCON2   0x000ff1       data     extern C:\MCC18\SRC\TRADIT~1\PROC\p18f458.asm
                   INTCON   0x000ff2       data     extern C:\MCC18\SRC\TRADIT~1\PROC\p18f458.asm
               INTCONbits   0x000ff2       data     extern C:\MCC18\SRC\TRADIT~1\PROC\p18f458.asm
                     PROD   0x000ff3       data     extern C:\MCC18\SRC\TRADIT~1\PROC\p18f458.asm
                    PRODL   0x000ff3       data     extern C:\MCC18\SRC\TRADIT~1\PROC\p18f458.asm
                    PRODH   0x000ff4       data     extern C:\MCC18\SRC\TRADIT~1\PROC\p18f458.asm
                   TABLAT   0x000ff5       data     extern C:\MCC18\SRC\TRADIT~1\PROC\p18f458.asm
                  TBLPTRL   0x000ff6       data     extern C:\MCC18\SRC\TRADIT~1\PROC\p18f458.asm
                   TBLPTR   0x000ff6       data     extern C:\MCC18\SRC\TRADIT~1\PROC\p18f458.asm
                  TBLPTRH   0x000ff7       data     extern C:\MCC18\SRC\TRADIT~1\PROC\p18f458.asm
                  TBLPTRU   0x000ff8       data     extern C:\MCC18\SRC\TRADIT~1\PROC\p18f458.asm
                      PCL   0x000ff9       data     extern C:\MCC18\SRC\TRADIT~1\PROC\p18f458.asm
                       PC   0x000ff9       data     extern C:\MCC18\SRC\TRADIT~1\PROC\p18f458.asm
                   PCLATH   0x000ffa       data     extern C:\MCC18\SRC\TRADIT~1\PROC\p18f458.asm
                   PCLATU   0x000ffb       data     extern C:\MCC18\SRC\TRADIT~1\PROC\p18f458.asm
               STKPTRbits   0x000ffc       data     extern C:\MCC18\SRC\TRADIT~1\PROC\p18f458.asm
                   STKPTR   0x000ffc       data     extern C:\MCC18\SRC\TRADIT~1\PROC\p18f458.asm
                      TOS   0x000ffd       data     extern C:\MCC18\SRC\TRADIT~1\PROC\p18f458.asm
                     TOSL   0x000ffd       data     extern C:\MCC18\SRC\TRADIT~1\PROC\p18f458.asm
                     TOSH   0x000ffe       data     extern C:\MCC18\SRC\TRADIT~1\PROC\p18f458.asm
                     TOSU   0x000fff       data     extern C:\MCC18\SRC\TRADIT~1\PROC\p18f458.asm


